Component: ARM Compiler 5.06 update 2 (build 183) Tool: armlink [4d35b7]

==============================================================================

Section Cross References

    usart.o(i.HAL_UART_MspDeInit) refers to stm32f1xx_hal_gpio.o(i.HAL_GPIO_DeInit) for HAL_GPIO_DeInit
    usart.o(i.HAL_UART_MspDeInit) refers to stm32f1xx_hal_cortex.o(i.HAL_NVIC_DisableIRQ) for HAL_NVIC_DisableIRQ
    usart.o(i.HAL_UART_MspDeInit) refers to stm32f1xx_hal_dma.o(i.HAL_DMA_DeInit) for HAL_DMA_DeInit
    usart.o(i.HAL_UART_MspInit) refers to stm32f1xx_hal_gpio.o(i.HAL_GPIO_Init) for HAL_GPIO_Init
    usart.o(i.HAL_UART_MspInit) refers to stm32f1xx_hal_cortex.o(i.HAL_NVIC_SetPriority) for HAL_NVIC_SetPriority
    usart.o(i.HAL_UART_MspInit) refers to stm32f1xx_hal_cortex.o(i.HAL_NVIC_EnableIRQ) for HAL_NVIC_EnableIRQ
    usart.o(i.HAL_UART_MspInit) refers to stm32f1xx_hal_dma.o(i.HAL_DMA_Init) for HAL_DMA_Init
    usart.o(i.HAL_UART_MspInit) refers to main.o(i.Error_Handler) for Error_Handler
    usart.o(i.HAL_UART_MspInit) refers to usart.o(.bss) for hdma_usart2_rx
    usart.o(i.MX_UART5_Init) refers to stm32f1xx_hal_uart.o(i.HAL_UART_Init) for HAL_UART_Init
    usart.o(i.MX_UART5_Init) refers to main.o(i.Error_Handler) for Error_Handler
    usart.o(i.MX_UART5_Init) refers to usart.o(.bss) for huart5
    usart.o(i.MX_USART1_UART_Init) refers to stm32f1xx_hal_uart.o(i.HAL_UART_Init) for HAL_UART_Init
    usart.o(i.MX_USART1_UART_Init) refers to main.o(i.Error_Handler) for Error_Handler
    usart.o(i.MX_USART1_UART_Init) refers to usart.o(.bss) for huart1
    usart.o(i.MX_USART2_UART_Init) refers to stm32f1xx_hal_uart.o(i.HAL_UART_Init) for HAL_UART_Init
    usart.o(i.MX_USART2_UART_Init) refers to main.o(i.Error_Handler) for Error_Handler
    usart.o(i.MX_USART2_UART_Init) refers to usart.o(.bss) for huart2
    stm32f1xx_hal_msp.o(i.HAL_MspInit) refers to stm32f1xx_hal_cortex.o(i.HAL_NVIC_SetPriorityGrouping) for HAL_NVIC_SetPriorityGrouping
    stm32f1xx_hal_msp.o(i.HAL_MspInit) refers to stm32f1xx_hal_cortex.o(i.HAL_NVIC_SetPriority) for HAL_NVIC_SetPriority
    adc.o(i.HAL_ADC_MspDeInit) refers to stm32f1xx_hal_gpio.o(i.HAL_GPIO_DeInit) for HAL_GPIO_DeInit
    adc.o(i.HAL_ADC_MspDeInit) refers to stm32f1xx_hal_dma.o(i.HAL_DMA_DeInit) for HAL_DMA_DeInit
    adc.o(i.HAL_ADC_MspDeInit) refers to stm32f1xx_hal_cortex.o(i.HAL_NVIC_DisableIRQ) for HAL_NVIC_DisableIRQ
    adc.o(i.HAL_ADC_MspInit) refers to stm32f1xx_hal_gpio.o(i.HAL_GPIO_Init) for HAL_GPIO_Init
    adc.o(i.HAL_ADC_MspInit) refers to stm32f1xx_hal_dma.o(i.HAL_DMA_Init) for HAL_DMA_Init
    adc.o(i.HAL_ADC_MspInit) refers to main.o(i.Error_Handler) for Error_Handler
    adc.o(i.HAL_ADC_MspInit) refers to stm32f1xx_hal_cortex.o(i.HAL_NVIC_SetPriority) for HAL_NVIC_SetPriority
    adc.o(i.HAL_ADC_MspInit) refers to stm32f1xx_hal_cortex.o(i.HAL_NVIC_EnableIRQ) for HAL_NVIC_EnableIRQ
    adc.o(i.HAL_ADC_MspInit) refers to adc.o(.bss) for hdma_adc1
    adc.o(i.MX_ADC1_Init) refers to stm32f1xx_hal_adc.o(i.HAL_ADC_Init) for HAL_ADC_Init
    adc.o(i.MX_ADC1_Init) refers to main.o(i.Error_Handler) for Error_Handler
    adc.o(i.MX_ADC1_Init) refers to stm32f1xx_hal_adc.o(i.HAL_ADC_ConfigChannel) for HAL_ADC_ConfigChannel
    adc.o(i.MX_ADC1_Init) refers to adc.o(.bss) for hadc1
    tim.o(i.AdjustAngle_SteeringEngine) refers to cfcmple.o(.text) for __aeabi_cfcmple
    tim.o(i.AdjustAngle_SteeringEngine) refers to cfrcmple.o(.text) for __aeabi_cfrcmple
    tim.o(i.AdjustAngle_SteeringEngine) refers to ffixi.o(.text) for __aeabi_f2iz
    tim.o(i.AdjustAngle_SteeringEngine) refers to dflti.o(.text) for __aeabi_i2d
    tim.o(i.AdjustAngle_SteeringEngine) refers to ddiv.o(.text) for __aeabi_ddiv
    tim.o(i.AdjustAngle_SteeringEngine) refers to dmul.o(.text) for __aeabi_dmul
    tim.o(i.AdjustAngle_SteeringEngine) refers to dadd.o(.text) for __aeabi_dadd
    tim.o(i.AdjustAngle_SteeringEngine) refers to dfixui.o(.text) for __aeabi_d2uiz
    tim.o(i.AdjustAngle_SteeringEngine) refers to stm32f1xx_hal_tim.o(i.HAL_TIM_PWM_Start) for HAL_TIM_PWM_Start
    tim.o(i.Get_HallSpeed_Value_Data) refers to tim.o(.bss) for HallSpeed_Value
    tim.o(i.HAL_TIM_Base_MspDeInit) refers to stm32f1xx_hal_gpio.o(i.HAL_GPIO_DeInit) for HAL_GPIO_DeInit
    tim.o(i.HAL_TIM_Base_MspDeInit) refers to stm32f1xx_hal_dma.o(i.HAL_DMA_DeInit) for HAL_DMA_DeInit
    tim.o(i.HAL_TIM_Base_MspDeInit) refers to stm32f1xx_hal_cortex.o(i.HAL_NVIC_DisableIRQ) for HAL_NVIC_DisableIRQ
    tim.o(i.HAL_TIM_Base_MspInit) refers to stm32f1xx_hal_gpio.o(i.HAL_GPIO_Init) for HAL_GPIO_Init
    tim.o(i.HAL_TIM_Base_MspInit) refers to stm32f1xx_hal_dma.o(i.HAL_DMA_Init) for HAL_DMA_Init
    tim.o(i.HAL_TIM_Base_MspInit) refers to main.o(i.Error_Handler) for Error_Handler
    tim.o(i.HAL_TIM_Base_MspInit) refers to stm32f1xx_hal_cortex.o(i.HAL_NVIC_SetPriority) for HAL_NVIC_SetPriority
    tim.o(i.HAL_TIM_Base_MspInit) refers to stm32f1xx_hal_cortex.o(i.HAL_NVIC_EnableIRQ) for HAL_NVIC_EnableIRQ
[...]
    i.TIM_TI1_SetConfig                      0x08005b24   Section        0  stm32f1xx_hal_tim.o(i.TIM_TI1_SetConfig)
    i.TIM_TI2_ConfigInputStage               0x08005ba4   Section        0  stm32f1xx_hal_tim.o(i.TIM_TI2_ConfigInputStage)
    TIM_TI2_ConfigInputStage                 0x08005ba5   Thumb Code    44  stm32f1xx_hal_tim.o(i.TIM_TI2_ConfigInputStage)
    i.TIM_TI2_SetConfig                      0x08005bd0   Section        0  stm32f1xx_hal_tim.o(i.TIM_TI2_SetConfig)
    TIM_TI2_SetConfig                        0x08005bd1   Thumb Code    62  stm32f1xx_hal_tim.o(i.TIM_TI2_SetConfig)
    i.TIM_TI3_SetConfig                      0x08005c0e   Section        0  stm32f1xx_hal_tim.o(i.TIM_TI3_SetConfig)
    TIM_TI3_SetConfig                        0x08005c0f   Thumb Code    60  stm32f1xx_hal_tim.o(i.TIM_TI3_SetConfig)
    i.TIM_TI4_SetConfig                      0x08005c4a   Section        0  stm32f1xx_hal_tim.o(i.TIM_TI4_SetConfig)
    TIM_TI4_SetConfig                        0x08005c4b   Thumb Code    64  stm32f1xx_hal_tim.o(i.TIM_TI4_SetConfig)
    i.Tim_FREERTOS_Init                      0x08005c8c   Section        0  tim.o(i.Tim_FREERTOS_Init)
    Tim_FREERTOS_Init                        0x08005c8d   Thumb Code    30  tim.o(i.Tim_FREERTOS_Init)
    i.UART5_IRQHandler                       0x08005cb4   Section        0  stm32f1xx_it.o(i.UART5_IRQHandler)
    i.UART_EndTransmit_IT                    0x08005cc4   Section        0  stm32f1xx_hal_uart.o(i.UART_EndTransmit_IT)
    UART_EndTransmit_IT                      0x08005cc5   Thumb Code    48  stm32f1xx_hal_uart.o(i.UART_EndTransmit_IT)
    i.UART_Receive_IT                        0x08005cf4   Section        0  stm32f1xx_hal_uart.o(i.UART_Receive_IT)
    UART_Receive_IT                          0x08005cf5   Thumb Code   188  stm32f1xx_hal_uart.o(i.UART_Receive_IT)
    i.UART_SetConfig                         0x08005db0   Section        0  stm32f1xx_hal_uart.o(i.UART_SetConfig)
    UART_SetConfig                           0x08005db1   Thumb Code   450  stm32f1xx_hal_uart.o(i.UART_SetConfig)
    i.UART_Transmit_IT                       0x08005f78   Section        0  stm32f1xx_hal_uart.o(i.UART_Transmit_IT)
    UART_Transmit_IT                         0x08005f79   Thumb Code   112  stm32f1xx_hal_uart.o(i.UART_Transmit_IT)
    i.USART2_IRQHandler                      0x08005fe8   Section        0  stm32f1xx_it.o(i.USART2_IRQHandler)
    i.USB_LP_CAN1_RX0_IRQHandler             0x08005ff8   Section        0  stm32f1xx_it.o(i.USB_LP_CAN1_RX0_IRQHandler)
    i.UsageFault_Handler                     0x08006008   Section        0  stm32f1xx_it.o(i.UsageFault_Handler)
    i.WheelSpeed_Sampling                    0x0800600c   Section        0  tim.o(i.WheelSpeed_Sampling)
    i.__scatterload_copy                     0x0800601e   Section       14  handlers.o(i.__scatterload_copy)
    i.__scatterload_null                     0x0800602c   Section        2  handlers.o(i.__scatterload_null)
    i.__scatterload_zeroinit                 0x0800602e   Section       14  handlers.o(i.__scatterload_zeroinit)
    i.main                                   0x0800603c   Section        0  main.o(i.main)
    i.makeFreeRtosPriority                   0x0800607c   Section        0  cmsis_os.o(i.makeFreeRtosPriority)
    makeFreeRtosPriority                     0x0800607d   Thumb Code    14  cmsis_os.o(i.makeFreeRtosPriority)
    i.osDelay                                0x0800608a   Section        0  cmsis_os.o(i.osDelay)
    i.osKernelStart                          0x080060a2   Section        0  cmsis_os.o(i.osKernelStart)
    i.osMessageCreate                        0x080060ac   Section        0  cmsis_os.o(i.osMessageCreate)
    i.osSystickHandler                       0x080060be   Section        0  cmsis_os.o(i.osSystickHandler)
    i.osThreadCreate                         0x080060ce   Section        0  cmsis_os.o(i.osThreadCreate)
    i.prvAddCurrentTaskToDelayedList         0x08006108   Section        0  tasks.o(i.prvAddCurrentTaskToDelayedList)
    prvAddCurrentTaskToDelayedList           0x08006109   Thumb Code    62  tasks.o(i.prvAddCurrentTaskToDelayedList)
    i.prvAllocateTCBAndStack                 0x0800615c   Section        0  tasks.o(i.prvAllocateTCBAndStack)
    prvAllocateTCBAndStack                   0x0800615d   Thumb Code    66  tasks.o(i.prvAllocateTCBAndStack)
    i.prvCheckForValidListAndQueue           0x080061a0   Section        0  timers.o(i.prvCheckForValidListAndQueue)
    prvCheckForValidListAndQueue             0x080061a1   Thumb Code    86  timers.o(i.prvCheckForValidListAndQueue)
    i.prvCheckTasksWaitingTermination        0x08006214   Section        0  tasks.o(i.prvCheckTasksWaitingTermination)
    prvCheckTasksWaitingTermination          0x08006215   Thumb Code    86  tasks.o(i.prvCheckTasksWaitingTermination)
    i.prvCopyDataFromQueue                   0x08006278   Section        0  queue.o(i.prvCopyDataFromQueue)
    prvCopyDataFromQueue                     0x08006279   Thumb Code    42  queue.o(i.prvCopyDataFromQueue)
    i.prvCopyDataToQueue                     0x080062a2   Section        0  queue.o(i.prvCopyDataToQueue)
    prvCopyDataToQueue                       0x080062a3   Thumb Code   128  queue.o(i.prvCopyDataToQueue)
    i.prvDeleteTCB                           0x08006322   Section        0  tasks.o(i.prvDeleteTCB)
    prvDeleteTCB                             0x08006323   Thumb Code    18  tasks.o(i.prvDeleteTCB)
    i.prvGetNextExpireTime                   0x08006334   Section        0  timers.o(i.prvGetNextExpireTime)
    prvGetNextExpireTime                     0x08006335   Thumb Code    36  timers.o(i.prvGetNextExpireTime)
    i.prvHeapInit                            0x0800635c   Section        0  heap_4.o(i.prvHeapInit)
    prvHeapInit                              0x0800635d   Thumb Code    98  heap_4.o(i.prvHeapInit)
    i.prvIdleTask                            0x080063d8   Section        0  tasks.o(i.prvIdleTask)
    prvIdleTask                              0x080063d9   Thumb Code    20  tasks.o(i.prvIdleTask)
    i.prvInitialiseTCBVariables              0x080063f0   Section        0  tasks.o(i.prvInitialiseTCBVariables)
    prvInitialiseTCBVariables                0x080063f1   Thumb Code    98  tasks.o(i.prvInitialiseTCBVariables)
    i.prvInitialiseTaskLists                 0x08006454   Section        0  tasks.o(i.prvInitialiseTaskLists)
    prvInitialiseTaskLists                   0x08006455   Thumb Code    70  tasks.o(i.prvInitialiseTaskLists)
    i.prvInsertBlockIntoFreeList             0x080064bc   Section        0  heap_4.o(i.prvInsertBlockIntoFreeList)
    prvInsertBlockIntoFreeList               0x080064bd   Thumb Code    96  heap_4.o(i.prvInsertBlockIntoFreeList)
    i.prvInsertTimerInActiveList             0x08006524   Section        0  timers.o(i.prvInsertTimerInActiveList)
    prvInsertTimerInActiveList               0x08006525   Thumb Code    80  timers.o(i.prvInsertTimerInActiveList)
    i.prvIsQueueEmpty                        0x0800657c   Section        0  queue.o(i.prvIsQueueEmpty)
    prvIsQueueEmpty                          0x0800657d   Thumb Code    26  queue.o(i.prvIsQueueEmpty)
    i.prvIsQueueFull                         0x08006596   Section        0  queue.o(i.prvIsQueueFull)
    prvIsQueueFull                           0x08006597   Thumb Code    30  queue.o(i.prvIsQueueFull)
    i.prvProcessExpiredTimer                 0x080065b4   Section        0  timers.o(i.prvProcessExpiredTimer)
    prvProcessExpiredTimer                   0x080065b5   Thumb Code    82  timers.o(i.prvProcessExpiredTimer)
    i.prvProcessReceivedCommands             0x0800660c   Section        0  timers.o(i.prvProcessReceivedCommands)
    prvProcessReceivedCommands               0x0800660d   Thumb Code   216  timers.o(i.prvProcessReceivedCommands)
    i.prvProcessTimerOrBlockTask             0x080066e8   Section        0  timers.o(i.prvProcessTimerOrBlockTask)
    prvProcessTimerOrBlockTask               0x080066e9   Thumb Code    90  timers.o(i.prvProcessTimerOrBlockTask)
    i.prvResetNextTaskUnblockTime            0x0800674c   Section        0  tasks.o(i.prvResetNextTaskUnblockTime)
    prvResetNextTaskUnblockTime              0x0800674d   Thumb Code    42  tasks.o(i.prvResetNextTaskUnblockTime)
    i.prvSampleTimeNow                       0x08006780   Section        0  timers.o(i.prvSampleTimeNow)
    prvSampleTimeNow                         0x08006781   Thumb Code    40  timers.o(i.prvSampleTimeNow)
    i.prvSwitchTimerLists                    0x080067ac   Section        0  timers.o(i.prvSwitchTimerLists)
    prvSwitchTimerLists                      0x080067ad   Thumb Code   136  timers.o(i.prvSwitchTimerLists)
    i.prvTaskExitError                       0x0800683c   Section        0  port.o(i.prvTaskExitError)
    prvTaskExitError                         0x0800683d   Thumb Code    32  port.o(i.prvTaskExitError)
    i.prvTimerTask                           0x08006860   Section        0  timers.o(i.prvTimerTask)
    prvTimerTask                             0x08006861   Thumb Code    26  timers.o(i.prvTimerTask)
    i.prvUnlockQueue                         0x0800687a   Section        0  queue.o(i.prvUnlockQueue)
    prvUnlockQueue                           0x0800687b   Thumb Code   126  queue.o(i.prvUnlockQueue)
    i.pvPortMalloc                           0x080068f8   Section        0  heap_4.o(i.pvPortMalloc)
    i.pvTaskIncrementMutexHeldCount          0x08006a0c   Section        0  tasks.o(i.pvTaskIncrementMutexHeldCount)
    i.pxPortInitialiseStack                  0x08006a2c   Section        0  port.o(i.pxPortInitialiseStack)
    i.ulTaskNotifyTake                       0x08006a4c   Section        0  tasks.o(i.ulTaskNotifyTake)
    i.uxListRemove                           0x08006b00   Section        0  list.o(i.uxListRemove)
    i.vListInitialise                        0x08006b28   Section        0  list.o(i.vListInitialise)
    i.vListInitialiseItem                    0x08006b42   Section        0  list.o(i.vListInitialiseItem)
    i.vListInsert                            0x08006b48   Section        0  list.o(i.vListInsert)
    i.vListInsertEnd                         0x08006b7c   Section        0  list.o(i.vListInsertEnd)
    i.vPortEnterCritical                     0x08006b94   Section        0  port.o(i.vPortEnterCritical)
    i.vPortExitCritical                      0x08006bd8   Section        0  port.o(i.vPortExitCritical)
    i.vPortFree                              0x08006c04   Section        0  heap_4.o(i.vPortFree)
    i.vPortSetupTimerInterrupt               0x08006c7c   Section        0  port.o(i.vPortSetupTimerInterrupt)
    i.vPortValidateInterruptPriority         0x08006c9c   Section        0  port.o(i.vPortValidateInterruptPriority)
    i.vPortYield                             0x08006cf8   Section        0  port.o(i.vPortYield)
    i.vQueueAddToRegistry                    0x08006d10   Section        0  queue.o(i.vQueueAddToRegistry)
    i.vQueueWaitForMessageRestricted         0x08006d3c   Section        0  queue.o(i.vQueueWaitForMessageRestricted)
    i.vTaskDelay                             0x08006d80   Section        0  tasks.o(i.vTaskDelay)
    i.vTaskMissedYield                       0x08006df0   Section        0  tasks.o(i.vTaskMissedYield)
    i.vTaskNotifyGiveFromISR                 0x08006dfc   Section        0  tasks.o(i.vTaskNotifyGiveFromISR)
    i.vTaskPlaceOnEventList                  0x08006eb0   Section        0  tasks.o(i.vTaskPlaceOnEventList)
    i.vTaskPlaceOnEventListRestricted        0x08006f20   Section        0  tasks.o(i.vTaskPlaceOnEventListRestricted)
    i.vTaskPriorityInherit                   0x08006f94   Section        0  tasks.o(i.vTaskPriorityInherit)
    i.vTaskSetTimeOutState                   0x08007044   Section        0  tasks.o(i.vTaskSetTimeOutState)
    i.vTaskStartScheduler                    0x08007068   Section        0  tasks.o(i.vTaskStartScheduler)
    i.vTaskSuspendAll                        0x080070d0   Section        0  tasks.o(i.vTaskSuspendAll)
    i.vTaskSwitchContext                     0x080070e0   Section        0  tasks.o(i.vTaskSwitchContext)
    i.xPortStartScheduler                    0x08007160   Section        0  port.o(i.xPortStartScheduler)
    i.xPortSysTickHandler                    0x08007200   Section        0  port.o(i.xPortSysTickHandler)
    i.xQueueGenericCreate                    0x08007220   Section        0  queue.o(i.xQueueGenericCreate)
    i.xQueueGenericReceive                   0x0800728a   Section        0  queue.o(i.xQueueGenericReceive)
    i.xQueueGenericReset                     0x080073e4   Section        0  queue.o(i.xQueueGenericReset)
    i.xQueueGenericSend                      0x0800745c   Section        0  queue.o(i.xQueueGenericSend)
    i.xQueueGenericSendFromISR               0x0800759e   Section        0  queue.o(i.xQueueGenericSendFromISR)
    i.xTaskCheckForTimeOut                   0x0800764c   Section        0  tasks.o(i.xTaskCheckForTimeOut)
    i.xTaskGenericCreate                     0x080076c0   Section        0  tasks.o(i.xTaskGenericCreate)
    i.xTaskGetSchedulerState                 0x080077f8   Section        0  tasks.o(i.xTaskGetSchedulerState)
    i.xTaskGetTickCount                      0x08007818   Section        0  tasks.o(i.xTaskGetTickCount)
    i.xTaskIncrementTick                     0x08007824   Section        0  tasks.o(i.xTaskIncrementTick)
    i.xTaskPriorityDisinherit                0x08007960   Section        0  tasks.o(i.xTaskPriorityDisinherit)
    i.xTaskRemoveFromEventList               0x08007a0c   Section        0  tasks.o(i.xTaskRemoveFromEventList)
    i.xTaskResumeAll                         0x08007a98   Section        0  tasks.o(i.xTaskResumeAll)
    i.xTimerCreate                           0x08007b80   Section        0  timers.o(i.xTimerCreate)
    i.xTimerCreateTimerTask                  0x08007bd0   Section        0  timers.o(i.xTimerCreateTimerTask)
    i.xTimerGenericCommand                   0x08007c1c   Section        0  timers.o(i.xTimerGenericCommand)
    .constdata                               0x08007c90   Section       20  tim.o(.constdata)
    .constdata                               0x08007ca4   Section       40  gpio.o(.constdata)
    .constdata                               0x08007ccc   Section       48  can.o(.constdata)
    .constdata                               0x08007cfc   Section       80  freertos.o(.constdata)
    .constdata                               0x08007d4c   Section       24  system_stm32f1xx.o(.constdata)
    .conststring                             0x08007d64   Section       21  tim.o(.conststring)
    .conststring                             0x08007d7c   Section       55  gpio.o(.conststring)
    .conststring                             0x08007db4   Section       41  can.o(.conststring)
    .conststring                             0x08007de0   Section       92  freertos.o(.conststring)
    .data                                    0x20000000   Section       60  tim.o(.data)
    Tim_Cnt                                  0x20000034   Data           2  tim.o(.data)
    Speed_Value                              0x20000038   Data           4  tim.o(.data)
    .data                                    0x2000003c   Section       16  gpio.o(.data)
    .data                                    0x2000004c   Section       24  can.o(.data)
    .data                                    0x20000064   Section       16  freertos.o(.data)
    .data                                    0x20000074   Section        4  system_stm32f1xx.o(.data)
    .data                                    0x20000078   Section       12  port.o(.data)
    uxCriticalNesting                        0x20000078   Data           4  port.o(.data)
    ucMaxSysCallPriority                     0x2000007c   Data           1  port.o(.data)
    ulMaxPRIGROUPValue                       0x20000080   Data           4  port.o(.data)
    .data                                    0x20000084   Section       16  timers.o(.data)
    pxCurrentTimerList                       0x20000084   Data           4  timers.o(.data)
    pxOverflowTimerList                      0x20000088   Data           4  timers.o(.data)
    xTimerQueue                              0x2000008c   Data           4  timers.o(.data)
    xLastTime                                0x20000090   Data           4  timers.o(.data)
    .data                                    0x20000094   Section       24  heap_4.o(.data)
    xStart                                   0x20000094   Data           8  heap_4.o(.data)
    pxEnd                                    0x2000009c   Data           4  heap_4.o(.data)
    xFreeBytesRemaining                      0x200000a0   Data           4  heap_4.o(.data)
    xMinimumEverFreeBytesRemaining           0x200000a4   Data           4  heap_4.o(.data)
    xBlockAllocatedBit                       0x200000a8   Data           4  heap_4.o(.data)
    .data                                    0x200000ac   Section       56  tasks.o(.data)
    pxDelayedTaskList                        0x200000b0   Data           4  tasks.o(.data)
    pxOverflowDelayedTaskList                0x200000b4   Data           4  tasks.o(.data)
    uxTasksDeleted                           0x200000b8   Data           4  tasks.o(.data)
    uxCurrentNumberOfTasks                   0x200000bc   Data           4  tasks.o(.data)
    xTickCount                               0x200000c0   Data           4  tasks.o(.data)
    uxTopReadyPriority                       0x200000c4   Data           4  tasks.o(.data)
    xSchedulerRunning                        0x200000c8   Data           4  tasks.o(.data)
    uxPendedTicks                            0x200000cc   Data           4  tasks.o(.data)
    xYieldPending                            0x200000d0   Data           4  tasks.o(.data)
    xNumOfOverflows                          0x200000d4   Data           4  tasks.o(.data)
    uxTaskNumber                             0x200000d8   Data           4  tasks.o(.data)
    xNextTaskUnblockTime                     0x200000dc   Data           4  tasks.o(.data)
    uxSchedulerSuspended                     0x200000e0   Data           4  tasks.o(.data)
    .data                                    0x200000e4   Section        4  stm32f1xx_hal.o(.data)
    uwTick                                   0x200000e4   Data           4  stm32f1xx_hal.o(.data)
    .bss                                     0x200000e8   Section      304  usart.o(.bss)
    .bss                                     0x20000218   Section      104  adc.o(.bss)
    .bss                                     0x20000280   Section      456  tim.o(.bss)
    .bss                                     0x20000448   Section      172  i2c.o(.bss)
    .bss                                     0x200004f4   Section      144  can.o(.bss)
    .bss                                     0x20000584   Section       64  queue.o(.bss)
    .bss                                     0x200005c4   Section       40  timers.o(.bss)
    xActiveTimerList1                        0x200005c4   Data          20  timers.o(.bss)
    xActiveTimerList2                        0x200005d8   Data          20  timers.o(.bss)
    .bss                                     0x200005ec   Section    15360  heap_4.o(.bss)
    ucHeap                                   0x200005ec   Data       15360  heap_4.o(.bss)
    .bss                                     0x200041ec   Section      240  tasks.o(.bss)
    pxReadyTasksLists                        0x200041ec   Data         140  tasks.o(.bss)
    xDelayedTaskList1                        0x20004278   Data          20  tasks.o(.bss)
    xDelayedTaskList2                        0x2000428c   Data          20  tasks.o(.bss)
    xPendingReadyList                        0x200042a0   Data          20  tasks.o(.bss)
    xTasksWaitingTermination                 0x200042b4   Data          20  tasks.o(.bss)
    xSuspendedTaskList                       0x200042c8   Data          20  tasks.o(.bss)
    STACK                                    0x200042e0   Section     1024  startup_stm32f103xe.o(STACK)

    Global Symbols

    Symbol Name                              Value     Ov Type        Size  Object(Section)

    BuildAttributes$$THM_ISAv4$P$D$K$B$S$PE$A:L22UL41UL21$X:L11$S22US41US21$IEEE1$IW$USESV6$~STKCKD$USESV7$~SHL$OTIME$ROPI$EBA8$MICROLIB$REQ8$PRES8$EABIv2 0x00000000   Number         0  anon$$obj.o ABSOLUTE
    __ARM_use_no_argv                        0x00000000   Number         0  main.o ABSOLUTE
    __cpp_initialize__aeabi_                  - Undefined Weak Reference
    __cxa_finalize                            - Undefined Weak Reference
    __decompress                              - Undefined Weak Reference
    _clock_init                               - Undefined Weak Reference
    _microlib_exit                            - Undefined Weak Reference
    __Vectors_Size                           0x00000130   Number         0  startup_stm32f103xe.o ABSOLUTE
    __Vectors                                0x08000000   Data           4  startup_stm32f103xe.o(RESET)
    __Vectors_End                            0x08000130   Data           0  startup_stm32f103xe.o(RESET)
    __main                                   0x08000131   Thumb Code     0  entry.o(.ARM.Collect$$$$00000000)
    _main_stk                                0x08000131   Thumb Code     0  entry2.o(.ARM.Collect$$$$00000001)
    _main_scatterload                        0x08000135   Thumb Code     0  entry5.o(.ARM.Collect$$$$00000004)
    __main_after_scatterload                 0x08000139   Thumb Code     0  entry5.o(.ARM.Collect$$$$00000004)
    _main_clock                              0x08000139   Thumb Code     0  entry7b.o(.ARM.Collect$$$$00000008)
    _main_cpp_init                           0x08000139   Thumb Code     0  entry8b.o(.ARM.Collect$$$$0000000A)
    _main_init                               0x08000139   Thumb Code     0  entry9a.o(.ARM.Collect$$$$0000000B)
    __rt_final_cpp                           0x08000141   Thumb Code     0  entry10a.o(.ARM.Collect$$$$0000000D)
    __rt_final_exit                          0x08000141   Thumb Code     0  entry11a.o(.ARM.Collect$$$$0000000F)
    SVC_Handler                              0x08000145   Thumb Code    32  port.o(.emb_text)
    __asm___6_port_c_39a90d8d__prvStartFirstTask 0x08000169   Thumb Code    28  port.o(.emb_text)
    PendSV_Handler                           0x08000189   Thumb Code    64  port.o(.emb_text)
    ulPortSetInterruptMask                   0x080001cd   Thumb Code    14  port.o(.emb_text)
    vPortClearInterruptMask                  0x080001db   Thumb Code     6  port.o(.emb_text)
    vPortGetIPSR                             0x080001e1   Thumb Code     6  port.o(.emb_text)
    Reset_Handler                            0x080001e9   Thumb Code     8  startup_stm32f103xe.o(.text)
    ADC3_IRQHandler                          0x08000203   Thumb Code     0  startup_stm32f103xe.o(.text)
    CAN1_RX1_IRQHandler                      0x08000203   Thumb Code     0  startup_stm32f103xe.o(.text)
    CAN1_SCE_IRQHandler                      0x08000203   Thumb Code     0  startup_stm32f103xe.o(.text)
    DMA1_Channel3_IRQHandler                 0x08000203   Thumb Code     0  startup_stm32f103xe.o(.text)
    DMA2_Channel3_IRQHandler                 0x08000203   Thumb Code     0  startup_stm32f103xe.o(.text)
    EXTI0_IRQHandler                         0x08000203   Thumb Code     0  startup_stm32f103xe.o(.text)
    EXTI15_10_IRQHandler                     0x08000203   Thumb Code     0  startup_stm32f103xe.o(.text)
    EXTI1_IRQHandler                         0x08000203   Thumb Code     0  startup_stm32f103xe.o(.text)
    EXTI2_IRQHandler                         0x08000203   Thumb Code     0  startup_stm32f103xe.o(.text)
    EXTI3_IRQHandler                         0x08000203   Thumb Code     0  startup_stm32f103xe.o(.text)
    EXTI4_IRQHandler                         0x08000203   Thumb Code     0  startup_stm32f103xe.o(.text)
    EXTI9_5_IRQHandler                       0x08000203   Thumb Code     0  startup_stm32f103xe.o(.text)
    FLASH_IRQHandler                         0x08000203   Thumb Code     0  startup_stm32f103xe.o(.text)
    FSMC_IRQHandler                          0x08000203   Thumb Code     0  startup_stm32f103xe.o(.text)
    I2C1_ER_IRQHandler                       0x08000203   Thumb Code     0  startup_stm32f103xe.o(.text)
    I2C1_EV_IRQHandler                       0x08000203   Thumb Code     0  startup_stm32f103xe.o(.text)
    I2C2_ER_IRQHandler                       0x08000203   Thumb Code     0  startup_stm32f103xe.o(.text)
    I2C2_EV_IRQHandler                       0x08000203   Thumb Code     0  startup_stm32f103xe.o(.text)
    PVD_IRQHandler                           0x08000203   Thumb Code     0  startup_stm32f103xe.o(.text)
    RCC_IRQHandler                           0x08000203   Thumb Code     0  startup_stm32f103xe.o(.text)
    RTC_Alarm_IRQHandler                     0x08000203   Thumb Code     0  startup_stm32f103xe.o(.text)
    RTC_IRQHandler                           0x08000203   Thumb Code     0  startup_stm32f103xe.o(.text)
    SDIO_IRQHandler                          0x08000203   Thumb Code     0  startup_stm32f103xe.o(.text)
    SPI1_IRQHandler                          0x08000203   Thumb Code     0  startup_stm32f103xe.o(.text)
    SPI2_IRQHandler                          0x08000203   Thumb Code     0  startup_stm32f103xe.o(.text)
    SPI3_IRQHandler                          0x08000203   Thumb Code     0  startup_stm32f103xe.o(.text)
    TAMPER_IRQHandler                        0x08000203   Thumb Code     0  startup_stm32f103xe.o(.text)
    TIM1_BRK_IRQHandler                      0x08000203   Thumb Code     0  startup_stm32f103xe.o(.text)
    TIM1_TRG_COM_IRQHandler                  0x08000203   Thumb Code     0  startup_stm32f103xe.o(.text)
    TIM2_IRQHandler                          0x08000203   Thumb Code     0  startup_stm32f103xe.o(.text)
    TIM3_IRQHandler                          0x08000203   Thumb Code     0  startup_stm32f103xe.o(.text)
    TIM4_IRQHandler                          0x08000203   Thumb Code     0  startup_stm32f103xe.o(.text)
    TIM5_IRQHandler                          0x08000203   Thumb Code     0  startup_stm32f103xe.o(.text)
    TIM6_IRQHandler                          0x08000203   Thumb Code     0  startup_stm32f103xe.o(.text)
    TIM7_IRQHandler                          0x08000203   Thumb Code     0  startup_stm32f103xe.o(.text)
    TIM8_BRK_IRQHandler                      0x08000203   Thumb Code     0  startup_stm32f103xe.o(.text)
    TIM8_TRG_COM_IRQHandler                  0x08000203   Thumb Code     0  startup_stm32f103xe.o(.text)
    UART4_IRQHandler                         0x08000203   Thumb Code     0  startup_stm32f103xe.o(.text)
    USART1_IRQHandler                        0x08000203   Thumb Code     0  startup_stm32f103xe.o(.text)
    USART3_IRQHandler                        0x08000203   Thumb Code     0  startup_stm32f103xe.o(.text)
    USBWakeUp_IRQHandler                     0x08000203   Thumb Code     0  startup_stm32f103xe.o(.text)
    USB_HP_CAN1_TX_IRQHandler                0x08000203   Thumb Code     0  startup_stm32f103xe.o(.text)
    WWDG_IRQHandler                          0x08000203   Thumb Code     0  startup_stm32f103xe.o(.text)
    __aeabi_llsr                             0x0800020d   Thumb Code    32  llushr.o(.text)
    _ll_ushift_r                             0x0800020d   Thumb Code     0  llushr.o(.text)
    __aeabi_memcpy                           0x0800022d   Thumb Code    36  memcpya.o(.text)
    __aeabi_memcpy4                          0x0800022d   Thumb Code     0  memcpya.o(.text)
    __aeabi_memcpy8                          0x0800022d   Thumb Code     0  memcpya.o(.text)
    __aeabi_memset                           0x08000251   Thumb Code    14  memseta.o(.text)
    __aeabi_memset4                          0x08000251   Thumb Code     0  memseta.o(.text)
    __aeabi_memset8                          0x08000251   Thumb Code     0  memseta.o(.text)
    __aeabi_memclr                           0x0800025f   Thumb Code     4  memseta.o(.text)
    __aeabi_memclr4                          0x0800025f   Thumb Code     0  memseta.o(.text)
    __aeabi_memclr8                          0x0800025f   Thumb Code     0  memseta.o(.text)
    _memset$wrapper                          0x08000263   Thumb Code    18  memseta.o(.text)
    __aeabi_fmul                             0x08000275   Thumb Code   100  fmul.o(.text)
    __aeabi_dadd                             0x080002d9   Thumb Code   322  dadd.o(.text)
    __aeabi_dsub                             0x0800041b   Thumb Code     6  dadd.o(.text)
    __aeabi_drsub                            0x08000421   Thumb Code     6  dadd.o(.text)
    __aeabi_dmul                             0x08000427   Thumb Code   228  dmul.o(.text)
    __aeabi_ddiv                             0x0800050b   Thumb Code   222  ddiv.o(.text)
    __aeabi_i2d                              0x080005e9   Thumb Code    34  dflti.o(.text)
    __aeabi_ui2d                             0x0800060b   Thumb Code    26  dfltui.o(.text)
    __aeabi_f2iz                             0x08000625   Thumb Code    50  ffixi.o(.text)
    __aeabi_f2uiz                            0x08000657   Thumb Code    40  ffixui.o(.text)
    __aeabi_d2uiz                            0x0800067f   Thumb Code    50  dfixui.o(.text)
    __aeabi_f2d                              0x080006b1   Thumb Code    38  f2d.o(.text)
    __aeabi_d2f                              0x080006d7   Thumb Code    56  d2f.o(.text)
    __aeabi_cfcmpeq                          0x08000711   Thumb Code     0  cfcmple.o(.text)
    __aeabi_cfcmple                          0x08000711   Thumb Code    20  cfcmple.o(.text)
    __aeabi_cfrcmple                         0x08000725   Thumb Code    20  cfrcmple.o(.text)
    __aeabi_llsl                             0x08000739   Thumb Code    30  llshl.o(.text)
    _ll_shift_l                              0x08000739   Thumb Code     0  llshl.o(.text)
    __aeabi_lasr                             0x08000757   Thumb Code    36  llsshr.o(.text)
    _ll_sshift_r                             0x08000757   Thumb Code     0  llsshr.o(.text)
    __I$use$fp                               0x0800077b   Thumb Code     0  iusefp.o(.text)
    _float_round                             0x0800077b   Thumb Code    18  fepilogue.o(.text)
    _float_epilogue                          0x0800078d   Thumb Code    92  fepilogue.o(.text)
    _double_round                            0x080007e9   Thumb Code    30  depilogue.o(.text)
    _double_epilogue                         0x08000807   Thumb Code   156  depilogue.o(.text)
    __scatterload                            0x080008a5   Thumb Code    28  init.o(.text)
    __scatterload_rt2                        0x080008a5   Thumb Code     0  init.o(.text)
    ADC1_2_IRQHandler                        0x080008c9   Thumb Code    10  stm32f1xx_it.o(i.ADC1_2_IRQHandler)
    ADC_ConversionStop_Disable               0x080008d9   Thumb Code    82  stm32f1xx_hal_adc.o(i.ADC_ConversionStop_Disable)
    AMS_IMDResetValueCheckTask               0x0800092d   Thumb Code    70  gpio.o(i.AMS_IMDResetValueCheckTask)
    APP_CAN_Config                           0x0800097d   Thumb Code   120  can.o(i.APP_CAN_Config)
    AdjustAngle_SteeringEngine               0x08000a05   Thumb Code   144  tim.o(i.AdjustAngle_SteeringEngine)
    BusFault_Handler                         0x08000aa5   Thumb Code     4  stm32f1xx_it.o(i.BusFault_Handler)
    CAN_100PeriodicSendCallback              0x08000aa9   Thumb Code    12  can.o(i.CAN_100PeriodicSendCallback)
    CAN_10PeriodicSendCallback               0x08000ab9   Thumb Code    18  can.o(i.CAN_10PeriodicSendCallback)
    CAN_DATA_Send                            0x08000ad5   Thumb Code    60  can.o(i.CAN_DATA_Send)
    CAN_DataAnalysisTask                     0x08000b21   Thumb Code    62  can.o(i.CAN_DataAnalysisTask)
    CAN_TransmitTask                         0x08000da5   Thumb Code   166  can.o(i.CAN_TransmitTask)
    CSU_CAN_Send                             0x08000e99   Thumb Code    76  can.o(i.CSU_CAN_Send)
    DMA1_Channel1_IRQHandler                 0x08000ee9   Thumb Code    10  stm32f1xx_it.o(i.DMA1_Channel1_IRQHandler)
    DMA1_Channel2_IRQHandler                 0x08000ef9   Thumb Code    10  stm32f1xx_it.o(i.DMA1_Channel2_IRQHandler)
    DMA1_Channel4_IRQHandler                 0x08000f09   Thumb Code    10  stm32f1xx_it.o(i.DMA1_Channel4_IRQHandler)
    DMA1_Channel5_IRQHandler                 0x08000f19   Thumb Code    10  stm32f1xx_it.o(i.DMA1_Channel5_IRQHandler)
    DMA1_Channel6_IRQHandler                 0x08000f29   Thumb Code    10  stm32f1xx_it.o(i.DMA1_Channel6_IRQHandler)
    DMA1_Channel7_IRQHandler                 0x08000f39   Thumb Code    10  stm32f1xx_it.o(i.DMA1_Channel7_IRQHandler)
    DMA2_Channel1_IRQHandler                 0x08000f49   Thumb Code    10  stm32f1xx_it.o(i.DMA2_Channel1_IRQHandler)
    DMA2_Channel2_IRQHandler                 0x08000f59   Thumb Code    10  stm32f1xx_it.o(i.DMA2_Channel2_IRQHandler)
    DMA2_Channel4_5_IRQHandler               0x08000f69   Thumb Code    10  stm32f1xx_it.o(i.DMA2_Channel4_5_IRQHandler)
    DRSEngineTask                            0x08000f79   Thumb Code    48  freertos.o(i.DRSEngineTask)
    DebugMon_Handler                         0x08000fb1   Thumb Code     2  stm32f1xx_it.o(i.DebugMon_Handler)
    Ecu2_LeakageCurrentLimitProcessTask      0x0800120d   Thumb Code   112  freertos.o(i.Ecu2_LeakageCurrentLimitProcessTask)
    Error_Handler                            0x08001285   Thumb Code     4  main.o(i.Error_Handler)
    Get_AMS_IMDReset_State_Data              0x08001289   Thumb Code    12  gpio.o(i.Get_AMS_IMDReset_State_Data)
    Get_CAN_100PeriodicSendTimer_Handle      0x08001299   Thumb Code     6  can.o(i.Get_CAN_100PeriodicSendTimer_Handle)
    Get_CAN_10PeriodicSendTimer_Handle       0x080012a5   Thumb Code     6  can.o(i.Get_CAN_10PeriodicSendTimer_Handle)
    Get_CAN_Analysis_Data                    0x080012b1   Thumb Code   120  can.o(i.Get_CAN_Analysis_Data)
    Get_HallSpeed_Value_Data                 0x0800132d   Thumb Code    48  tim.o(i.Get_HallSpeed_Value_Data)
    Get_Speaker_Taillight_Fan_Waterpump_State_Data 0x08001361   Thumb Code    48  gpio.o(i.Get_Speaker_Taillight_Fan_Waterpump_State_Data)
    HAL_ADCEx_InjectedConvCpltCallback       0x080013d9   Thumb Code     2  stm32f1xx_hal_adc_ex.o(i.HAL_ADCEx_InjectedConvCpltCallback)
    HAL_ADC_ConfigChannel                    0x080013dd   Thumb Code   438  stm32f1xx_hal_adc.o(i.HAL_ADC_ConfigChannel)
    HAL_ADC_ConvCpltCallback                 0x080015a1   Thumb Code     2  stm32f1xx_hal_adc.o(i.HAL_ADC_ConvCpltCallback)
    HAL_ADC_IRQHandler                       0x080015a3   Thumb Code   290  stm32f1xx_hal_adc.o(i.HAL_ADC_IRQHandler)
    HAL_ADC_Init                             0x080016c5   Thumb Code   374  stm32f1xx_hal_adc.o(i.HAL_ADC_Init)
    HAL_ADC_LevelOutOfWindowCallback         0x08001849   Thumb Code     2  stm32f1xx_hal_adc.o(i.HAL_ADC_LevelOutOfWindowCallback)
    HAL_ADC_MspInit                          0x0800184d   Thumb Code   148  adc.o(i.HAL_ADC_MspInit)
    HAL_CAN_ConfigFilter                     0x080018f9   Thumb Code   292  stm32f1xx_hal_can.o(i.HAL_CAN_ConfigFilter)
    HAL_CAN_ErrorCallback                    0x08001a1d   Thumb Code     2  stm32f1xx_hal_can.o(i.HAL_CAN_ErrorCallback)
    HAL_CAN_IRQHandler                       0x08001a21   Thumb Code   406  stm32f1xx_hal_can.o(i.HAL_CAN_IRQHandler)
    HAL_CAN_Init                             0x08001bc5   Thumb Code   330  stm32f1xx_hal_can.o(i.HAL_CAN_Init)
    HAL_CAN_MspInit                          0x08001d11   Thumb Code   102  can.o(i.HAL_CAN_MspInit)
    HAL_CAN_Receive                          0x08001d85   Thumb Code   468  stm32f1xx_hal_can.o(i.HAL_CAN_Receive)
    HAL_CAN_RxCpltCallback                   0x08001f59   Thumb Code     2  can.o(i.HAL_CAN_RxCpltCallback)
    HAL_CAN_Transmit                         0x08001f5d   Thumb Code   580  stm32f1xx_hal_can.o(i.HAL_CAN_Transmit)
    HAL_CAN_TxCpltCallback                   0x080021ad   Thumb Code     2  stm32f1xx_hal_can.o(i.HAL_CAN_TxCpltCallback)
    HAL_DMA_IRQHandler                       0x080021b1   Thumb Code  2304  stm32f1xx_hal_dma.o(i.HAL_DMA_IRQHandler)
    HAL_DMA_Init                             0x08002ab9   Thumb Code    84  stm32f1xx_hal_dma.o(i.HAL_DMA_Init)
    HAL_Delay                                0x08002b0d   Thumb Code    26  stm32f1xx_hal.o(i.HAL_Delay)
    HAL_GPIO_Init                            0x08002b29   Thumb Code   790  stm32f1xx_hal_gpio.o(i.HAL_GPIO_Init)
    HAL_GPIO_ReadPin                         0x08002e69   Thumb Code    16  stm32f1xx_hal_gpio.o(i.HAL_GPIO_ReadPin)
    HAL_GPIO_TogglePin                       0x08002e79   Thumb Code     8  stm32f1xx_hal_gpio.o(i.HAL_GPIO_TogglePin)
    HAL_GPIO_WritePin                        0x08002e81   Thumb Code    12  stm32f1xx_hal_gpio.o(i.HAL_GPIO_WritePin)
    HAL_GetTick                              0x08002e8d   Thumb Code     6  stm32f1xx_hal.o(i.HAL_GetTick)
    HAL_I2C_Init                             0x08002e99   Thumb Code   172  stm32f1xx_hal_i2c.o(i.HAL_I2C_Init)
    HAL_I2C_MspInit                          0x08002f4d   Thumb Code   170  i2c.o(i.HAL_I2C_MspInit)
    HAL_IncTick                              0x08003011   Thumb Code    12  stm32f1xx_hal.o(i.HAL_IncTick)
    HAL_Init                                 0x08003021   Thumb Code    34  stm32f1xx_hal.o(i.HAL_Init)
    HAL_InitTick                             0x08003049   Thumb Code    36  stm32f1xx_hal.o(i.HAL_InitTick)
    HAL_MspInit                              0x0800306d   Thumb Code   114  stm32f1xx_hal_msp.o(i.HAL_MspInit)
    HAL_NVIC_EnableIRQ                       0x080030e5   Thumb Code    26  stm32f1xx_hal_cortex.o(i.HAL_NVIC_EnableIRQ)
    HAL_NVIC_SetPriority                     0x080030ff   Thumb Code   124  stm32f1xx_hal_cortex.o(i.HAL_NVIC_SetPriority)
    HAL_NVIC_SetPriorityGrouping             0x0800317d   Thumb Code    32  stm32f1xx_hal_cortex.o(i.HAL_NVIC_SetPriorityGrouping)
    HAL_RCCEx_PeriphCLKConfig                0x080031a5   Thumb Code   366  stm32f1xx_hal_rcc_ex.o(i.HAL_RCCEx_PeriphCLKConfig)
    HAL_RCC_ClockConfig                      0x08003321   Thumb Code   648  stm32f1xx_hal_rcc.o(i.HAL_RCC_ClockConfig)
    HAL_RCC_GetHCLKFreq                      0x080035b9   Thumb Code     6  stm32f1xx_hal_rcc.o(i.HAL_RCC_GetHCLKFreq)
    HAL_RCC_GetPCLK1Freq                     0x080035c5   Thumb Code    36  stm32f1xx_hal_rcc.o(i.HAL_RCC_GetPCLK1Freq)
    HAL_RCC_GetPCLK2Freq                     0x080035f1   Thumb Code    36  stm32f1xx_hal_rcc.o(i.HAL_RCC_GetPCLK2Freq)
    HAL_RCC_GetSysClockFreq                  0x0800361d   Thumb Code   146  stm32f1xx_hal_rcc.o(i.HAL_RCC_GetSysClockFreq)
    HAL_RCC_OscConfig                        0x080036d1   Thumb Code  2164  stm32f1xx_hal_rcc.o(i.HAL_RCC_OscConfig)
    HAL_SYSTICK_CLKSourceConfig              0x08003f49   Thumb Code    40  stm32f1xx_hal_cortex.o(i.HAL_SYSTICK_CLKSourceConfig)
    HAL_SYSTICK_Config                       0x08003f71   Thumb Code    52  stm32f1xx_hal_cortex.o(i.HAL_SYSTICK_Config)
    HAL_TIMEx_BreakCallback                  0x08003fa5   Thumb Code     2  stm32f1xx_hal_tim_ex.o(i.HAL_TIMEx_BreakCallback)
    HAL_TIMEx_CommutationCallback            0x08003fa7   Thumb Code     2  stm32f1xx_hal_tim_ex.o(i.HAL_TIMEx_CommutationCallback)
    HAL_TIMEx_MasterConfigSynchronization    0x08003fa9   Thumb Code    98  stm32f1xx_hal_tim_ex.o(i.HAL_TIMEx_MasterConfigSynchronization)
    HAL_TIM_Base_Init                        0x0800400b   Thumb Code    52  stm32f1xx_hal_tim.o(i.HAL_TIM_Base_Init)
    HAL_TIM_Base_MspInit                     0x08004041   Thumb Code   474  tim.o(i.HAL_TIM_Base_MspInit)
    HAL_TIM_Base_Start_IT                    0x0800424d   Thumb Code    30  stm32f1xx_hal_tim.o(i.HAL_TIM_Base_Start_IT)
    HAL_TIM_ConfigClockSource                0x0800426b   Thumb Code   306  stm32f1xx_hal_tim.o(i.HAL_TIM_ConfigClockSource)
    HAL_TIM_IC_CaptureCallback               0x0800439d   Thumb Code   312  tim.o(i.HAL_TIM_IC_CaptureCallback)
    HAL_TIM_IC_ConfigChannel                 0x08004501   Thumb Code   224  stm32f1xx_hal_tim.o(i.HAL_TIM_IC_ConfigChannel)
    HAL_TIM_IC_Init                          0x080045e1   Thumb Code    52  stm32f1xx_hal_tim.o(i.HAL_TIM_IC_Init)
    HAL_TIM_IC_MspInit                       0x08004615   Thumb Code     2  stm32f1xx_hal_tim.o(i.HAL_TIM_IC_MspInit)
    HAL_TIM_IC_Start_IT                      0x08004617   Thumb Code   108  stm32f1xx_hal_tim.o(i.HAL_TIM_IC_Start_IT)
    HAL_TIM_IRQHandler                       0x08004683   Thumb Code   406  stm32f1xx_hal_tim.o(i.HAL_TIM_IRQHandler)
    HAL_TIM_MspPostInit                      0x08004819   Thumb Code    32  tim.o(i.HAL_TIM_MspPostInit)
    HAL_TIM_OC_DelayElapsedCallback          0x08004841   Thumb Code     2  stm32f1xx_hal_tim.o(i.HAL_TIM_OC_DelayElapsedCallback)
    HAL_TIM_PWM_ConfigChannel                0x08004843   Thumb Code   264  stm32f1xx_hal_tim.o(i.HAL_TIM_PWM_ConfigChannel)
    HAL_TIM_PWM_Init                         0x0800494b   Thumb Code    52  stm32f1xx_hal_tim.o(i.HAL_TIM_PWM_Init)
    HAL_TIM_PWM_MspInit                      0x0800497f   Thumb Code     2  stm32f1xx_hal_tim.o(i.HAL_TIM_PWM_MspInit)
    HAL_TIM_PWM_PulseFinishedCallback        0x08004981   Thumb Code     2  stm32f1xx_hal_tim.o(i.HAL_TIM_PWM_PulseFinishedCallback)
    HAL_TIM_PWM_Start                        0x08004985   Thumb Code    68  stm32f1xx_hal_tim.o(i.HAL_TIM_PWM_Start)
    HAL_TIM_PeriodElapsedCallback            0x080049d1   Thumb Code   212  tim.o(i.HAL_TIM_PeriodElapsedCallback)
    HAL_TIM_TriggerCallback                  0x08004ab9   Thumb Code     2  stm32f1xx_hal_tim.o(i.HAL_TIM_TriggerCallback)
    HAL_UART_ErrorCallback                   0x08004abb   Thumb Code     2  stm32f1xx_hal_uart.o(i.HAL_UART_ErrorCallback)
    HAL_UART_IRQHandler                      0x08004abd   Thumb Code   218  stm32f1xx_hal_uart.o(i.HAL_UART_IRQHandler)
    HAL_UART_Init                            0x08004b97   Thumb Code   110  stm32f1xx_hal_uart.o(i.HAL_UART_Init)
    HAL_UART_MspInit                         0x08004c05   Thumb Code   372  usart.o(i.HAL_UART_MspInit)
    HAL_UART_RxCpltCallback                  0x08004da1   Thumb Code     2  stm32f1xx_hal_uart.o(i.HAL_UART_RxCpltCallback)
    HAL_UART_TxCpltCallback                  0x08004da3   Thumb Code     2  usart.o(i.HAL_UART_TxCpltCallback)
    HallSpeedGenericTask                     0x08004da5   Thumb Code   230  tim.o(i.HallSpeedGenericTask)
    HardFault_Handler                        0x08004eb1   Thumb Code     4  stm32f1xx_it.o(i.HardFault_Handler)
    LEDTask                                  0x08004f19   Thumb Code    26  freertos.o(i.LEDTask)
    MX_ADC1_Init                             0x08004f39   Thumb Code   122  adc.o(i.MX_ADC1_Init)
    MX_CAN_Init                              0x08004fbd   Thumb Code    66  can.o(i.MX_CAN_Init)
    MX_DMA_Init                              0x08005009   Thumb Code   202  dma.o(i.MX_DMA_Init)
    MX_FREERTOS_Init                         0x080050d9   Thumb Code   102  freertos.o(i.MX_FREERTOS_Init)
    MX_GPIO_Init                             0x08005155   Thumb Code   238  gpio.o(i.MX_GPIO_Init)
    MX_I2C2_Init                             0x08005255   Thumb Code    52  i2c.o(i.MX_I2C2_Init)
    MX_TIM1_Init                             0x08005295   Thumb Code   132  tim.o(i.MX_TIM1_Init)
    MX_TIM3_Init                             0x08005321   Thumb Code   148  tim.o(i.MX_TIM3_Init)
    MX_TIM8_Init                             0x080053bd   Thumb Code   160  tim.o(i.MX_TIM8_Init)
    MX_UART5_Init                            0x08005465   Thumb Code    46  usart.o(i.MX_UART5_Init)
    MX_USART1_UART_Init                      0x0800549d   Thumb Code    46  usart.o(i.MX_USART1_UART_Init)
    MX_USART2_UART_Init                      0x080054d5   Thumb Code    46  usart.o(i.MX_USART2_UART_Init)
    MemManage_Handler                        0x0800550d   Thumb Code     4  stm32f1xx_it.o(i.MemManage_Handler)
    NMI_Handler                              0x08005511   Thumb Code     2  stm32f1xx_it.o(i.NMI_Handler)
    Set_AMS_IMDReset_State_Data              0x0800554d   Thumb Code    12  gpio.o(i.Set_AMS_IMDReset_State_Data)
    Speaker_StataGenericTask                 0x0800555d   Thumb Code    52  gpio.o(i.Speaker_StataGenericTask)
    Speaker_Taillight_WaterPumpCtrl          0x08005599   Thumb Code   132  gpio.o(i.Speaker_Taillight_WaterPumpCtrl)
    Speaker_Waterpump_TaillightTask          0x08005625   Thumb Code    64  freertos.o(i.Speaker_Waterpump_TaillightTask)
    SysTick_Handler                          0x08005715   Thumb Code    12  stm32f1xx_it.o(i.SysTick_Handler)
    SystemClock_Config                       0x08005721   Thumb Code   150  main.o(i.SystemClock_Config)
    SystemInit                               0x080057b9   Thumb Code    70  system_stm32f1xx.o(i.SystemInit)
    TIM1_CC_IRQHandler                       0x08005811   Thumb Code    10  stm32f1xx_it.o(i.TIM1_CC_IRQHandler)
    TIM1_UP_IRQHandler                       0x08005821   Thumb Code    10  stm32f1xx_it.o(i.TIM1_UP_IRQHandler)
    TIM8_CC_IRQHandler                       0x08005831   Thumb Code    10  stm32f1xx_it.o(i.TIM8_CC_IRQHandler)
    TIM8_UP_IRQHandler                       0x08005841   Thumb Code    10  stm32f1xx_it.o(i.TIM8_UP_IRQHandler)
    TIM_Base_SetConfig                       0x08005851   Thumb Code   124  stm32f1xx_hal_tim.o(i.TIM_Base_SetConfig)
    TIM_CCxChannelCmd                        0x080058e1   Thumb Code    28  stm32f1xx_hal_tim.o(i.TIM_CCxChannelCmd)
    TIM_OC2_SetConfig                        0x080059a1   Thumb Code   120  stm32f1xx_hal_tim.o(i.TIM_OC2_SetConfig)
    TIM_TI1_SetConfig                        0x08005b25   Thumb Code   106  stm32f1xx_hal_tim.o(i.TIM_TI1_SetConfig)
    UART5_IRQHandler                         0x08005cb5   Thumb Code    10  stm32f1xx_it.o(i.UART5_IRQHandler)
    USART2_IRQHandler                        0x08005fe9   Thumb Code    10  stm32f1xx_it.o(i.USART2_IRQHandler)
    USB_LP_CAN1_RX0_IRQHandler               0x08005ff9   Thumb Code    10  stm32f1xx_it.o(i.USB_LP_CAN1_RX0_IRQHandler)
    UsageFault_Handler                       0x08006009   Thumb Code     4  stm32f1xx_it.o(i.UsageFault_Handler)
    WheelSpeed_Sampling                      0x0800600d   Thumb Code    18  tim.o(i.WheelSpeed_Sampling)
    __scatterload_copy                       0x0800601f   Thumb Code    14  handlers.o(i.__scatterload_copy)
    __scatterload_null                       0x0800602d   Thumb Code     2  handlers.o(i.__scatterload_null)
    __scatterload_zeroinit                   0x0800602f   Thumb Code    14  handlers.o(i.__scatterload_zeroinit)
    main                                     0x0800603d   Thumb Code    64  main.o(i.main)
    osDelay                                  0x0800608b   Thumb Code    24  cmsis_os.o(i.osDelay)
    osKernelStart                            0x080060a3   Thumb Code    10  cmsis_os.o(i.osKernelStart)
    osMessageCreate                          0x080060ad   Thumb Code    18  cmsis_os.o(i.osMessageCreate)
    osSystickHandler                         0x080060bf   Thumb Code    16  cmsis_os.o(i.osSystickHandler)
    osThreadCreate                           0x080060cf   Thumb Code    58  cmsis_os.o(i.osThreadCreate)
    pvPortMalloc                             0x080068f9   Thumb Code   254  heap_4.o(i.pvPortMalloc)
    pvTaskIncrementMutexHeldCount            0x08006a0d   Thumb Code    26  tasks.o(i.pvTaskIncrementMutexHeldCount)
    pxPortInitialiseStack                    0x08006a2d   Thumb Code    26  port.o(i.pxPortInitialiseStack)
    ulTaskNotifyTake                         0x08006a4d   Thumb Code   162  tasks.o(i.ulTaskNotifyTake)
    uxListRemove                             0x08006b01   Thumb Code    40  list.o(i.uxListRemove)
    vListInitialise                          0x08006b29   Thumb Code    26  list.o(i.vListInitialise)
    vListInitialiseItem                      0x08006b43   Thumb Code     6  list.o(i.vListInitialiseItem)
    vListInsert                              0x08006b49   Thumb Code    52  list.o(i.vListInsert)
    vListInsertEnd                           0x08006b7d   Thumb Code    24  list.o(i.vListInsertEnd)
    vPortEnterCritical                       0x08006b95   Thumb Code    58  port.o(i.vPortEnterCritical)
    vPortExitCritical                        0x08006bd9   Thumb Code    40  port.o(i.vPortExitCritical)
    vPortFree                                0x08006c05   Thumb Code   112  heap_4.o(i.vPortFree)
    vPortSetupTimerInterrupt                 0x08006c7d   Thumb Code    26  port.o(i.vPortSetupTimerInterrupt)
    vPortValidateInterruptPriority           0x08006c9d   Thumb Code    78  port.o(i.vPortValidateInterruptPriority)
    vPortYield                               0x08006cf9   Thumb Code    18  port.o(i.vPortYield)
    vQueueAddToRegistry                      0x08006d11   Thumb Code    38  queue.o(i.vQueueAddToRegistry)
    vQueueWaitForMessageRestricted           0x08006d3d   Thumb Code    66  queue.o(i.vQueueWaitForMessageRestricted)
    vTaskDelay                               0x08006d81   Thumb Code    94  tasks.o(i.vTaskDelay)
    vTaskMissedYield                         0x08006df1   Thumb Code     8  tasks.o(i.vTaskMissedYield)
    vTaskNotifyGiveFromISR                   0x08006dfd   Thumb Code   158  tasks.o(i.vTaskNotifyGiveFromISR)
    vTaskPlaceOnEventList                    0x08006eb1   Thumb Code    94  tasks.o(i.vTaskPlaceOnEventList)
    vTaskPlaceOnEventListRestricted          0x08006f21   Thumb Code   100  tasks.o(i.vTaskPlaceOnEventListRestricted)
    vTaskPriorityInherit                     0x08006f95   Thumb Code   164  tasks.o(i.vTaskPriorityInherit)
    vTaskSetTimeOutState                     0x08007045   Thumb Code    28  tasks.o(i.vTaskSetTimeOutState)
    vTaskStartScheduler                      0x08007069   Thumb Code    80  tasks.o(i.vTaskStartScheduler)
    vTaskSuspendAll                          0x080070d1   Thumb Code    12  tasks.o(i.vTaskSuspendAll)
    vTaskSwitchContext                       0x080070e1   Thumb Code   106  tasks.o(i.vTaskSwitchContext)
    xPortStartScheduler                      0x08007161   Thumb Code   140  port.o(i.xPortStartScheduler)
    xPortSysTickHandler                      0x08007201   Thumb Code    28  port.o(i.xPortSysTickHandler)
    xQueueGenericCreate                      0x08007221   Thumb Code   106  queue.o(i.xQueueGenericCreate)
    xQueueGenericReceive                     0x0800728b   Thumb Code   346  queue.o(i.xQueueGenericReceive)
    xQueueGenericReset                       0x080073e5   Thumb Code   120  queue.o(i.xQueueGenericReset)
    xQueueGenericSend                        0x0800745d   Thumb Code   322  queue.o(i.xQueueGenericSend)
    xQueueGenericSendFromISR                 0x0800759f   Thumb Code   172  queue.o(i.xQueueGenericSendFromISR)
    xTaskCheckForTimeOut                     0x0800764d   Thumb Code   108  tasks.o(i.xTaskCheckForTimeOut)
    xTaskGenericCreate                       0x080076c1   Thumb Code   288  tasks.o(i.xTaskGenericCreate)
    xTaskGetSchedulerState                   0x080077f9   Thumb Code    24  tasks.o(i.xTaskGetSchedulerState)
    xTaskGetTickCount                        0x08007819   Thumb Code     6  tasks.o(i.xTaskGetTickCount)
    xTaskIncrementTick                       0x08007825   Thumb Code   272  tasks.o(i.xTaskIncrementTick)
    xTaskPriorityDisinherit                  0x08007961   Thumb Code   160  tasks.o(i.xTaskPriorityDisinherit)
    xTaskRemoveFromEventList                 0x08007a0d   Thumb Code   114  tasks.o(i.xTaskRemoveFromEventList)
    xTaskResumeAll                           0x08007a99   Thumb Code   200  tasks.o(i.xTaskResumeAll)
    xTimerCreate                             0x08007b81   Thumb Code    80  timers.o(i.xTimerCreate)
    xTimerCreateTimerTask                    0x08007bd1   Thumb Code    58  timers.o(i.xTimerCreateTimerTask)
    xTimerGenericCommand                     0x08007c1d   Thumb Code   112  timers.o(i.xTimerGenericCommand)
    AHBPrescTable                            0x08007d4c   Data          16  system_stm32f1xx.o(.constdata)
    APBPrescTable                            0x08007d5c   Data           8  system_stm32f1xx.o(.constdata)
    Region$$Table$$Base                      0x08007e3c   Number         0  anon$$obj.o(Region$$Table)
    Region$$Table$$Limit                     0x08007e5c   Number         0  anon$$obj.o(Region$$Table)
    HallSpeedGenericTaskHandle               0x20000000   Data           4  tim.o(.data)
    steering_engine1_pwm                     0x20000004   Data           8  tim.o(.data)
    steering_engine2_pwm                     0x2000000c   Data           8  tim.o(.data)
    hallspeed1_cap                           0x20000014   Data           8  tim.o(.data)
    hallspeed2_cap                           0x2000001c   Data           8  tim.o(.data)
    hallspeed3_cap                           0x20000024   Data           8  tim.o(.data)
    hallspeed4_cap                           0x2000002c   Data           8  tim.o(.data)
    AMS_IMDReset_Switch_Timer_Input          0x2000003c   Data           1  gpio.o(.data)
    Speaker_Taillight_WaterPumpStata         0x2000003d   Data           4  gpio.o(.data)
    Speaker_StataGenericTaskHandle           0x20000044   Data           4  gpio.o(.data)
    AMS_IMDResetValueCheckTaskHandle         0x20000048   Data           4  gpio.o(.data)
    CAN_DataAnalysisTaskHandle               0x2000004c   Data           4  can.o(.data)
    CAN_DataProtocolTaskHandle               0x20000050   Data           4  can.o(.data)
    CAN_TransmitTaskHandle                   0x20000054   Data           4  can.o(.data)
    CAN_100PeriodicSendTimer_Handle          0x20000058   Data           4  can.o(.data)
    CAN_10PeriodicSendTimer_Handle           0x2000005c   Data           4  can.o(.data)
    CANTransmitQueueHandle                   0x20000060   Data           4  can.o(.data)
    DRSEngineTaskHandle                      0x20000064   Data           4  freertos.o(.data)
    Speaker_Waterpump_TaillightTaskHandle    0x20000068   Data           4  freertos.o(.data)
    Ecu2_LeakageCurrentLimitProcessTaskHandle 0x2000006c   Data           4  freertos.o(.data)
    LEDTaskHandle                            0x20000070   Data           4  freertos.o(.data)
    SystemCoreClock                          0x20000074   Data           4  system_stm32f1xx.o(.data)
    pxCurrentTCB                             0x200000ac   Data           4  tasks.o(.data)
    huart5                                   0x200000e8   Data          64  usart.o(.bss)
    huart1                                   0x20000128   Data          64  usart.o(.bss)
    huart2                                   0x20000168   Data          64  usart.o(.bss)
    hdma_usart2_rx                           0x200001a8   Data          56  usart.o(.bss)
    hdma_usart2_tx                           0x200001e0   Data          56  usart.o(.bss)
    hadc1                                    0x20000218   Data          48  adc.o(.bss)
    hdma_adc1                                0x20000248   Data          56  adc.o(.bss)
    HallSpeedCounterINFO                     0x20000280   Data          36  tim.o(.bss)
    HallSpeed_Value                          0x200002a4   Data          16  tim.o(.bss)
    htim1                                    0x200002b4   Data          60  tim.o(.bss)
    htim3                                    0x200002f0   Data          60  tim.o(.bss)
    htim8                                    0x2000032c   Data          60  tim.o(.bss)
    hdma_tim1_ch1                            0x20000368   Data          56  tim.o(.bss)
    hdma_tim8_ch2                            0x200003a0   Data          56  tim.o(.bss)
    hdma_tim8_ch3_up                         0x200003d8   Data          56  tim.o(.bss)
    hdma_tim8_ch4_trig_com                   0x20000410   Data          56  tim.o(.bss)
    hi2c2                                    0x20000448   Data          60  i2c.o(.bss)
    hdma_i2c2_rx                             0x20000484   Data          56  i2c.o(.bss)
    hdma_i2c2_tx                             0x200004bc   Data          56  i2c.o(.bss)
    SteeringEngineAndControl                 0x200004f4   Data          16  can.o(.bss)
    hcan                                     0x20000504   Data          64  can.o(.bss)
    s1_TxMsg                                 0x20000544   Data          28  can.o(.bss)
    s1_RxMsg                                 0x20000560   Data          36  can.o(.bss)
    xQueueRegistry                           0x20000584   Data          64  queue.o(.bss)
    __initial_sp                             0x200046e0   Data           0  startup_stm32f103xe.o(STACK)



==============================================================================

Memory Map of the image

  Image Entry point : 0x08000131

  Load Region LR_IROM1 (Base: 0x08000000, Size: 0x00007f44, Max: 0x00040000, ABSOLUTE)

    Execution Region ER_IROM1 (Base: 0x08000000, Size: 0x00007e5c, Max: 0x00040000, ABSOLUTE)

    Base Addr    Size         Type   Attr      Idx    E Section Name        Object

    0x08000000   0x00000130   Data   RO          986    RESET               startup_stm32f103xe.o
    0x08000130   0x00000000   Code   RO         5173  * .ARM.Collect$$$$00000000  mc_w.l(entry.o)
    0x08000130   0x00000004   Code   RO         5210    .ARM.Collect$$$$00000001  mc_w.l(entry2.o)
    0x08000134   0x00000004   Code   RO         5213    .ARM.Collect$$$$00000004  mc_w.l(entry5.o)
    0x08000138   0x00000000   Code   RO         5215    .ARM.Collect$$$$00000008  mc_w.l(entry7b.o)
    0x08000138   0x00000000   Code   RO         5217    .ARM.Collect$$$$0000000A  mc_w.l(entry8b.o)
    0x08000138   0x00000008   Code   RO         5218    .ARM.Collect$$$$0000000B  mc_w.l(entry9a.o)
    0x08000140   0x00000000   Code   RO         5220    .ARM.Collect$$$$0000000D  mc_w.l(entry10a.o)
    0x08000140   0x00000000   Code   RO         5222    .ARM.Collect$$$$0000000F  mc_w.l(entry11a.o)
    0x08000140   0x00000004   Code   RO         5211    .ARM.Collect$$$$00002712  mc_w.l(entry2.o)
    0x08000144   0x000000a2   Code   RO         1108    .emb_text           port.o
    0x080001e6   0x00000002   PAD
    0x080001e8   0x00000024   Code   RO          987    .text               startup_stm32f103xe.o
    0x0800020c   0x00000020   Code   RO         5176    .text               mc_w.l(llushr.o)
    0x0800022c   0x00000024   Code   RO         5178    .text               mc_w.l(memcpya.o)
    0x08000250   0x00000024   Code   RO         5180    .text               mc_w.l(memseta.o)
    0x08000274   0x00000064   Code   RO         5184    .text               mf_w.l(fmul.o)
    0x080002d8   0x0000014e   Code   RO         5186    .text               mf_w.l(dadd.o)
    0x08000426   0x000000e4   Code   RO         5188    .text               mf_w.l(dmul.o)
    0x0800050a   0x000000de   Code   RO         5190    .text               mf_w.l(ddiv.o)
    0x080005e8   0x00000022   Code   RO         5192    .text               mf_w.l(dflti.o)
    0x0800060a   0x0000001a   Code   RO         5194    .text               mf_w.l(dfltui.o)
    0x08000624   0x00000032   Code   RO         5196    .text               mf_w.l(ffixi.o)
    0x08000656   0x00000028   Code   RO         5198    .text               mf_w.l(ffixui.o)
    0x0800067e   0x00000032   Code   RO         5200    .text               mf_w.l(dfixui.o)
    0x080006b0   0x00000026   Code   RO         5202    .text               mf_w.l(f2d.o)
    0x080006d6   0x00000038   Code   RO         5204    .text               mf_w.l(d2f.o)
    0x0800070e   0x00000002   PAD
    0x08000710   0x00000014   Code   RO         5206    .text               mf_w.l(cfcmple.o)
    0x08000724   0x00000014   Code   RO         5208    .text               mf_w.l(cfrcmple.o)
    0x08000738   0x0000001e   Code   RO         5224    .text               mc_w.l(llshl.o)
    0x08000756   0x00000024   Code   RO         5226    .text               mc_w.l(llsshr.o)
    0x0800077a   0x00000000   Code   RO         5228    .text               mc_w.l(iusefp.o)
    0x0800077a   0x0000006e   Code   RO         5229    .text               mf_w.l(fepilogue.o)
    0x080007e8   0x000000ba   Code   RO         5231    .text               mf_w.l(depilogue.o)
    0x080008a2   0x00000002   PAD
    0x080008a4   0x00000024   Code   RO         5233    .text               mc_w.l(init.o)
    0x080008c8   0x00000010   Code   RO          778    i.ADC1_2_IRQHandler  stm32f1xx_it.o
    0x080008d8   0x00000052   Code   RO         3485    i.ADC_ConversionStop_Disable  stm32f1xx_hal_adc.o
    0x0800092a   0x00000002   PAD
    0x0800092c   0x00000050   Code   RO          426    i.AMS_IMDResetValueCheckTask  gpio.o
    0x0800097c   0x00000088   Code   RO          544    i.APP_CAN_Config    can.o
    0x08000a04   0x000000a0   Code   RO          292    i.AdjustAngle_SteeringEngine  tim.o
    0x08000aa4   0x00000004   Code   RO          779    i.BusFault_Handler  stm32f1xx_it.o
    0x08000aa8   0x00000010   Code   RO          545    i.CAN_100PeriodicSendCallback  can.o
    0x08000ab8   0x0000001c   Code   RO          546    i.CAN_10PeriodicSendCallback  can.o
    0x08000ad4   0x0000004c   Code   RO          547    i.CAN_DATA_Send     can.o
    0x08000b20   0x00000044   Code   RO          548    i.CAN_DataAnalysisTask  can.o
    0x08000b64   0x000000bc   Code   RO          549    i.CAN_FREERTOS_Init  can.o
    0x08000c20   0x00000184   Code   RO         3808    i.CAN_Receive_IT    stm32f1xx_hal_can.o
    0x08000da4   0x000000b0   Code   RO          550    i.CAN_TransmitTask  can.o
    0x08000e54   0x00000044   Code   RO         3809    i.CAN_Transmit_IT   stm32f1xx_hal_can.o
    0x08000e98   0x00000050   Code   RO          551    i.CSU_CAN_Send      can.o
    0x08000ee8   0x00000010   Code   RO          780    i.DMA1_Channel1_IRQHandler  stm32f1xx_it.o
    0x08000ef8   0x00000010   Code   RO          781    i.DMA1_Channel2_IRQHandler  stm32f1xx_it.o
    0x08000f08   0x00000010   Code   RO          782    i.DMA1_Channel4_IRQHandler  stm32f1xx_it.o
    0x08000f18   0x00000010   Code   RO          783    i.DMA1_Channel5_IRQHandler  stm32f1xx_it.o
    0x08000f28   0x00000010   Code   RO          784    i.DMA1_Channel6_IRQHandler  stm32f1xx_it.o
    0x08000f38   0x00000010   Code   RO          785    i.DMA1_Channel7_IRQHandler  stm32f1xx_it.o
    0x08000f48   0x00000010   Code   RO          786    i.DMA2_Channel1_IRQHandler  stm32f1xx_it.o
    0x08000f58   0x00000010   Code   RO          787    i.DMA2_Channel2_IRQHandler  stm32f1xx_it.o
    0x08000f68   0x00000010   Code   RO          788    i.DMA2_Channel4_5_IRQHandler  stm32f1xx_it.o
    0x08000f78   0x00000038   Code   RO          690    i.DRSEngineTask     freertos.o
    0x08000fb0   0x00000002   Code   RO          789    i.DebugMon_Handler  stm32f1xx_it.o
    0x08000fb2   0x00000002   PAD
    0x08000fb4   0x000000d0   Code   RO          552    i.ECU2_ECU_INFO0_Protocol_Send  can.o
    0x08001084   0x000000d0   Code   RO          553    i.ECU2_ECU_INFO1_Protocol_Send  can.o
    0x08001154   0x00000044   Code   RO          554    i.ECU2_ECU_INFO2_Protocol_Send  can.o
    0x08001198   0x00000074   Code   RO          555    i.ECU2_ECU_STATE_Protocol_Send  can.o
    0x0800120c   0x00000078   Code   RO          691    i.Ecu2_LeakageCurrentLimitProcessTask  freertos.o
    0x08001284   0x00000004   Code   RO          947    i.Error_Handler     main.o
    0x08001288   0x00000010   Code   RO          427    i.Get_AMS_IMDReset_State_Data  gpio.o
    0x08001298   0x0000000c   Code   RO          556    i.Get_CAN_100PeriodicSendTimer_Handle  can.o
    0x080012a4   0x0000000c   Code   RO          557    i.Get_CAN_10PeriodicSendTimer_Handle  can.o
    0x080012b0   0x0000007c   Code   RO          558    i.Get_CAN_Analysis_Data  can.o
    0x0800132c   0x00000034   Code   RO          293    i.Get_HallSpeed_Value_Data  tim.o
    0x08001360   0x00000034   Code   RO          428    i.Get_Speaker_Taillight_Fan_Waterpump_State_Data  gpio.o
    0x08001394   0x00000044   Code   RO          429    i.Gpio_FREERTOS_Init  gpio.o
    0x080013d8   0x00000002   Code   RO         3019    i.HAL_ADCEx_InjectedConvCpltCallback  stm32f1xx_hal_adc_ex.o
    0x080013da   0x00000002   PAD
    0x080013dc   0x000001c4   Code   RO         3491    i.HAL_ADC_ConfigChannel  stm32f1xx_hal_adc.o
    0x080015a0   0x00000002   Code   RO         3492    i.HAL_ADC_ConvCpltCallback  stm32f1xx_hal_adc.o
    0x080015a2   0x00000122   Code   RO         3499    i.HAL_ADC_IRQHandler  stm32f1xx_hal_adc.o
    0x080016c4   0x00000184   Code   RO         3500    i.HAL_ADC_Init      stm32f1xx_hal_adc.o
    0x08001848   0x00000002   Code   RO         3501    i.HAL_ADC_LevelOutOfWindowCallback  stm32f1xx_hal_adc.o
    0x0800184a   0x00000002   PAD
    0x0800184c   0x000000ac   Code   RO          251    i.HAL_ADC_MspInit   adc.o
    0x080018f8   0x00000124   Code   RO         3810    i.HAL_CAN_ConfigFilter  stm32f1xx_hal_can.o
    0x08001a1c   0x00000002   Code   RO         3812    i.HAL_CAN_ErrorCallback  stm32f1xx_hal_can.o
    0x08001a1e   0x00000002   PAD
    0x08001a20   0x000001a4   Code   RO         3815    i.HAL_CAN_IRQHandler  stm32f1xx_hal_can.o
    0x08001bc4   0x0000014a   Code   RO         3816    i.HAL_CAN_Init      stm32f1xx_hal_can.o
    0x08001d0e   0x00000002   PAD
    0x08001d10   0x00000074   Code   RO          560    i.HAL_CAN_MspInit   can.o
    0x08001d84   0x000001d4   Code   RO         3819    i.HAL_CAN_Receive   stm32f1xx_hal_can.o
    0x08001f58   0x00000002   Code   RO          561    i.HAL_CAN_RxCpltCallback  can.o
    0x08001f5a   0x00000002   PAD
    0x08001f5c   0x00000250   Code   RO         3823    i.HAL_CAN_Transmit  stm32f1xx_hal_can.o
    0x080021ac   0x00000002   Code   RO         3825    i.HAL_CAN_TxCpltCallback  stm32f1xx_hal_can.o
    0x080021ae   0x00000002   PAD
    0x080021b0   0x00000908   Code   RO         3670    i.HAL_DMA_IRQHandler  stm32f1xx_hal_dma.o
    0x08002ab8   0x00000054   Code   RO         3671    i.HAL_DMA_Init      stm32f1xx_hal_dma.o
    0x08002b0c   0x0000001a   Code   RO         2890    i.HAL_Delay         stm32f1xx_hal.o
    0x08002b26   0x00000002   PAD
    0x08002b28   0x00000340   Code   RO         3745    i.HAL_GPIO_Init     stm32f1xx_hal_gpio.o
    0x08002e68   0x00000010   Code   RO         3747    i.HAL_GPIO_ReadPin  stm32f1xx_hal_gpio.o
    0x08002e78   0x00000008   Code   RO         3748    i.HAL_GPIO_TogglePin  stm32f1xx_hal_gpio.o
    0x08002e80   0x0000000c   Code   RO         3749    i.HAL_GPIO_WritePin  stm32f1xx_hal_gpio.o
    0x08002e8c   0x0000000c   Code   RO         2894    i.HAL_GetTick       stm32f1xx_hal.o
    0x08002e98   0x000000b4   Code   RO         3119    i.HAL_I2C_Init      stm32f1xx_hal_i2c.o
    0x08002f4c   0x000000c4   Code   RO          503    i.HAL_I2C_MspInit   i2c.o
    0x08003010   0x00000010   Code   RO         2895    i.HAL_IncTick       stm32f1xx_hal.o
    0x08003020   0x00000028   Code   RO         2896    i.HAL_Init          stm32f1xx_hal.o
    0x08003048   0x00000024   Code   RO         2897    i.HAL_InitTick      stm32f1xx_hal.o
    0x0800306c   0x00000078   Code   RO          226    i.HAL_MspInit       stm32f1xx_hal_msp.o
    0x080030e4   0x0000001a   Code   RO         4826    i.HAL_NVIC_EnableIRQ  stm32f1xx_hal_cortex.o
    0x080030fe   0x0000007c   Code   RO         4832    i.HAL_NVIC_SetPriority  stm32f1xx_hal_cortex.o
    0x0800317a   0x00000002   PAD
    0x0800317c   0x00000028   Code   RO         4833    i.HAL_NVIC_SetPriorityGrouping  stm32f1xx_hal_cortex.o
    0x080031a4   0x0000017c   Code   RO         3940    i.HAL_RCCEx_PeriphCLKConfig  stm32f1xx_hal_rcc_ex.o
    0x08003320   0x00000298   Code   RO         2549    i.HAL_RCC_ClockConfig  stm32f1xx_hal_rcc.o
    0x080035b8   0x0000000c   Code   RO         2554    i.HAL_RCC_GetHCLKFreq  stm32f1xx_hal_rcc.o
    0x080035c4   0x0000002c   Code   RO         2556    i.HAL_RCC_GetPCLK1Freq  stm32f1xx_hal_rcc.o
    0x080035f0   0x0000002c   Code   RO         2557    i.HAL_RCC_GetPCLK2Freq  stm32f1xx_hal_rcc.o
    0x0800361c   0x000000b4   Code   RO         2558    i.HAL_RCC_GetSysClockFreq  stm32f1xx_hal_rcc.o
    0x080036d0   0x00000878   Code   RO         2561    i.HAL_RCC_OscConfig  stm32f1xx_hal_rcc.o
    0x08003f48   0x00000028   Code   RO         4835    i.HAL_SYSTICK_CLKSourceConfig  stm32f1xx_hal_cortex.o
    0x08003f70   0x00000034   Code   RO         4837    i.HAL_SYSTICK_Config  stm32f1xx_hal_cortex.o
    0x08003fa4   0x00000002   Code   RO         2650    i.HAL_TIMEx_BreakCallback  stm32f1xx_hal_tim_ex.o
    0x08003fa6   0x00000002   Code   RO         2651    i.HAL_TIMEx_CommutationCallback  stm32f1xx_hal_tim_ex.o
    0x08003fa8   0x00000062   Code   RO         2667    i.HAL_TIMEx_MasterConfigSynchronization  stm32f1xx_hal_tim_ex.o
    0x0800400a   0x00000034   Code   RO         4185    i.HAL_TIM_Base_Init  stm32f1xx_hal_tim.o
    0x0800403e   0x00000002   PAD
    0x08004040   0x0000020c   Code   RO          295    i.HAL_TIM_Base_MspInit  tim.o
    0x0800424c   0x0000001e   Code   RO         4190    i.HAL_TIM_Base_Start_IT  stm32f1xx_hal_tim.o
    0x0800426a   0x00000132   Code   RO         4194    i.HAL_TIM_ConfigClockSource  stm32f1xx_hal_tim.o
    0x0800439c   0x00000164   Code   RO          296    i.HAL_TIM_IC_CaptureCallback  tim.o
    0x08004500   0x000000e0   Code   RO         4215    i.HAL_TIM_IC_ConfigChannel  stm32f1xx_hal_tim.o
    0x080045e0   0x00000034   Code   RO         4218    i.HAL_TIM_IC_Init   stm32f1xx_hal_tim.o
    0x08004614   0x00000002   Code   RO         4220    i.HAL_TIM_IC_MspInit  stm32f1xx_hal_tim.o
    0x08004616   0x0000006c   Code   RO         4223    i.HAL_TIM_IC_Start_IT  stm32f1xx_hal_tim.o
    0x08004682   0x00000196   Code   RO         4227    i.HAL_TIM_IRQHandler  stm32f1xx_hal_tim.o
    0x08004818   0x00000028   Code   RO          297    i.HAL_TIM_MspPostInit  tim.o
    0x08004840   0x00000002   Code   RO         4230    i.HAL_TIM_OC_DelayElapsedCallback  stm32f1xx_hal_tim.o
    0x08004842   0x00000108   Code   RO         4251    i.HAL_TIM_PWM_ConfigChannel  stm32f1xx_hal_tim.o
    0x0800494a   0x00000034   Code   RO         4254    i.HAL_TIM_PWM_Init  stm32f1xx_hal_tim.o
    0x0800497e   0x00000002   Code   RO         4256    i.HAL_TIM_PWM_MspInit  stm32f1xx_hal_tim.o
    0x08004980   0x00000002   Code   RO         4257    i.HAL_TIM_PWM_PulseFinishedCallback  stm32f1xx_hal_tim.o
    0x08004982   0x00000002   PAD
    0x08004984   0x0000004c   Code   RO         4258    i.HAL_TIM_PWM_Start  stm32f1xx_hal_tim.o
    0x080049d0   0x000000e8   Code   RO          298    i.HAL_TIM_PeriodElapsedCallback  tim.o
    0x08004ab8   0x00000002   Code   RO         4268    i.HAL_TIM_TriggerCallback  stm32f1xx_hal_tim.o
    0x08004aba   0x00000002   Code   RO         2318    i.HAL_UART_ErrorCallback  stm32f1xx_hal_uart.o
    0x08004abc   0x000000da   Code   RO         2321    i.HAL_UART_IRQHandler  stm32f1xx_hal_uart.o
    0x08004b96   0x0000006e   Code   RO         2322    i.HAL_UART_Init     stm32f1xx_hal_uart.o
    0x08004c04   0x0000019c   Code   RO            5    i.HAL_UART_MspInit  usart.o
    0x08004da0   0x00000002   Code   RO         2328    i.HAL_UART_RxCpltCallback  stm32f1xx_hal_uart.o
    0x08004da2   0x00000002   Code   RO            6    i.HAL_UART_TxCpltCallback  usart.o
    0x08004da4   0x0000010c   Code   RO          299    i.HallSpeedGenericTask  tim.o
    0x08004eb0   0x00000004   Code   RO          790    i.HardFault_Handler  stm32f1xx_it.o
    0x08004eb4   0x00000064   Code   RO         3147    i.I2C_Configure_Speed  stm32f1xx_hal_i2c.o
    0x08004f18   0x00000020   Code   RO          692    i.LEDTask           freertos.o
    0x08004f38   0x00000084   Code   RO          252    i.MX_ADC1_Init      adc.o
    0x08004fbc   0x0000004c   Code   RO          562    i.MX_CAN_Init       can.o
    0x08005008   0x000000d0   Code   RO          402    i.MX_DMA_Init       dma.o
    0x080050d8   0x0000007c   Code   RO          693    i.MX_FREERTOS_Init  freertos.o
    0x08005154   0x00000100   Code   RO          430    i.MX_GPIO_Init      gpio.o
    0x08005254   0x00000040   Code   RO          504    i.MX_I2C2_Init      i2c.o
    0x08005294   0x0000008c   Code   RO          300    i.MX_TIM1_Init      tim.o
    0x08005320   0x0000009c   Code   RO          301    i.MX_TIM3_Init      tim.o
    0x080053bc   0x000000a8   Code   RO          302    i.MX_TIM8_Init      tim.o
    0x08005464   0x00000038   Code   RO            7    i.MX_UART5_Init     usart.o
    0x0800549c   0x00000038   Code   RO            8    i.MX_USART1_UART_Init  usart.o
    0x080054d4   0x00000038   Code   RO            9    i.MX_USART2_UART_Init  usart.o
    0x0800550c   0x00000004   Code   RO          791    i.MemManage_Handler  stm32f1xx_it.o
    0x08005510   0x00000002   Code   RO          792    i.NMI_Handler       stm32f1xx_it.o
    0x08005512   0x00000002   PAD
    0x08005514   0x00000010   Code   RO         4839    i.NVIC_GetPriorityGrouping  stm32f1xx_hal_cortex.o
    0x08005524   0x00000028   Code   RO         4840    i.NVIC_SetPriority  stm32f1xx_hal_cortex.o
    0x0800554c   0x00000010   Code   RO          431    i.Set_AMS_IMDReset_State_Data  gpio.o
    0x0800555c   0x0000003c   Code   RO          433    i.Speaker_StataGenericTask  gpio.o
    0x08005598   0x0000008c   Code   RO          434    i.Speaker_Taillight_WaterPumpCtrl  gpio.o
    0x08005624   0x00000040   Code   RO          694    i.Speaker_Waterpump_TaillightTask  freertos.o
    0x08005664   0x000000b0   Code   RO          564    i.SteeringEngineAndControl_Analysis  can.o
    0x08005714   0x0000000c   Code   RO          793    i.SysTick_Handler   stm32f1xx_it.o
    0x08005720   0x00000096   Code   RO          948    i.SystemClock_Config  main.o
    0x080057b6   0x00000002   PAD
    0x080057b8   0x00000058   Code   RO          995    i.SystemInit        system_stm32f1xx.o
    0x08005810   0x00000010   Code   RO          794    i.TIM1_CC_IRQHandler  stm32f1xx_it.o
    0x08005820   0x00000010   Code   RO          795    i.TIM1_UP_IRQHandler  stm32f1xx_it.o
    0x08005830   0x00000010   Code   RO          796    i.TIM8_CC_IRQHandler  stm32f1xx_it.o
    0x08005840   0x00000010   Code   RO          797    i.TIM8_UP_IRQHandler  stm32f1xx_it.o
    0x08005850   0x00000090   Code   RO         4269    i.TIM_Base_SetConfig  stm32f1xx_hal_tim.o
    0x080058e0   0x0000001c   Code   RO         4270    i.TIM_CCxChannelCmd  stm32f1xx_hal_tim.o
    0x080058fc   0x00000018   Code   RO         4276    i.TIM_ETR_SetConfig  stm32f1xx_hal_tim.o
    0x08005914   0x00000014   Code   RO         4277    i.TIM_ITRx_SetConfig  stm32f1xx_hal_tim.o
    0x08005928   0x00000078   Code   RO         4278    i.TIM_OC1_SetConfig  stm32f1xx_hal_tim.o
    0x080059a0   0x00000080   Code   RO         4279    i.TIM_OC2_SetConfig  stm32f1xx_hal_tim.o
    0x08005a20   0x00000080   Code   RO         4280    i.TIM_OC3_SetConfig  stm32f1xx_hal_tim.o
    0x08005aa0   0x00000058   Code   RO         4281    i.TIM_OC4_SetConfig  stm32f1xx_hal_tim.o
    0x08005af8   0x0000002a   Code   RO         4283    i.TIM_TI1_ConfigInputStage  stm32f1xx_hal_tim.o
    0x08005b22   0x00000002   PAD
    0x08005b24   0x00000080   Code   RO         4284    i.TIM_TI1_SetConfig  stm32f1xx_hal_tim.o
    0x08005ba4   0x0000002c   Code   RO         4285    i.TIM_TI2_ConfigInputStage  stm32f1xx_hal_tim.o
    0x08005bd0   0x0000003e   Code   RO         4286    i.TIM_TI2_SetConfig  stm32f1xx_hal_tim.o
    0x08005c0e   0x0000003c   Code   RO         4287    i.TIM_TI3_SetConfig  stm32f1xx_hal_tim.o
    0x08005c4a   0x00000040   Code   RO         4288    i.TIM_TI4_SetConfig  stm32f1xx_hal_tim.o
    0x08005c8a   0x00000002   PAD
    0x08005c8c   0x00000028   Code   RO          304    i.Tim_FREERTOS_Init  tim.o
    0x08005cb4   0x00000010   Code   RO          798    i.UART5_IRQHandler  stm32f1xx_it.o
    0x08005cc4   0x00000030   Code   RO         2340    i.UART_EndTransmit_IT  stm32f1xx_hal_uart.o
    0x08005cf4   0x000000bc   Code   RO         2341    i.UART_Receive_IT   stm32f1xx_hal_uart.o
    0x08005db0   0x000001c8   Code   RO         2342    i.UART_SetConfig    stm32f1xx_hal_uart.o
    0x08005f78   0x00000070   Code   RO         2343    i.UART_Transmit_IT  stm32f1xx_hal_uart.o
    0x08005fe8   0x00000010   Code   RO          799    i.USART2_IRQHandler  stm32f1xx_it.o
    0x08005ff8   0x00000010   Code   RO          800    i.USB_LP_CAN1_RX0_IRQHandler  stm32f1xx_it.o
    0x08006008   0x00000004   Code   RO          801    i.UsageFault_Handler  stm32f1xx_it.o
    0x0800600c   0x00000012   Code   RO          305    i.WheelSpeed_Sampling  tim.o
    0x0800601e   0x0000000e   Code   RO         5237    i.__scatterload_copy  mc_w.l(handlers.o)
    0x0800602c   0x00000002   Code   RO         5238    i.__scatterload_null  mc_w.l(handlers.o)
    0x0800602e   0x0000000e   Code   RO         5239    i.__scatterload_zeroinit  mc_w.l(handlers.o)
    0x0800603c   0x00000040   Code   RO          949    i.main              main.o
    0x0800607c   0x0000000e   Code   RO         1219    i.makeFreeRtosPriority  cmsis_os.o
    0x0800608a   0x00000018   Code   RO         1220    i.osDelay           cmsis_os.o
    0x080060a2   0x0000000a   Code   RO         1223    i.osKernelStart     cmsis_os.o
    0x080060ac   0x00000012   Code   RO         1231    i.osMessageCreate   cmsis_os.o
    0x080060be   0x00000010   Code   RO         1252    i.osSystickHandler  cmsis_os.o
    0x080060ce   0x0000003a   Code   RO         1253    i.osThreadCreate    cmsis_os.o
    0x08006108   0x00000054   Code   RO         1855    i.prvAddCurrentTaskToDelayedList  tasks.o
    0x0800615c   0x00000042   Code   RO         1856    i.prvAllocateTCBAndStack  tasks.o
    0x0800619e   0x00000002   PAD
    0x080061a0   0x00000074   Code   RO         1711    i.prvCheckForValidListAndQueue  timers.o
    0x08006214   0x00000064   Code   RO         1857    i.prvCheckTasksWaitingTermination  tasks.o
    0x08006278   0x0000002a   Code   RO         1547    i.prvCopyDataFromQueue  queue.o
    0x080062a2   0x00000080   Code   RO         1548    i.prvCopyDataToQueue  queue.o
    0x08006322   0x00000012   Code   RO         1858    i.prvDeleteTCB      tasks.o
    0x08006334   0x00000028   Code   RO         1712    i.prvGetNextExpireTime  timers.o
    0x0800635c   0x0000007c   Code   RO         1806    i.prvHeapInit       heap_4.o
    0x080063d8   0x00000018   Code   RO         1859    i.prvIdleTask       tasks.o
    0x080063f0   0x00000062   Code   RO         1860    i.prvInitialiseTCBVariables  tasks.o
    0x08006452   0x00000002   PAD
    0x08006454   0x00000068   Code   RO         1861    i.prvInitialiseTaskLists  tasks.o
    0x080064bc   0x00000068   Code   RO         1807    i.prvInsertBlockIntoFreeList  heap_4.o
    0x08006524   0x00000058   Code   RO         1713    i.prvInsertTimerInActiveList  timers.o
    0x0800657c   0x0000001a   Code   RO         1549    i.prvIsQueueEmpty   queue.o
    0x08006596   0x0000001e   Code   RO         1550    i.prvIsQueueFull    queue.o
    0x080065b4   0x00000058   Code   RO         1714    i.prvProcessExpiredTimer  timers.o
    0x0800660c   0x000000dc   Code   RO         1715    i.prvProcessReceivedCommands  timers.o
    0x080066e8   0x00000064   Code   RO         1716    i.prvProcessTimerOrBlockTask  timers.o
    0x0800674c   0x00000034   Code   RO         1863    i.prvResetNextTaskUnblockTime  tasks.o
    0x08006780   0x0000002c   Code   RO         1717    i.prvSampleTimeNow  timers.o
    0x080067ac   0x00000090   Code   RO         1718    i.prvSwitchTimerLists  timers.o
    0x0800683c   0x00000024   Code   RO         1109    i.prvTaskExitError  port.o
    0x08006860   0x0000001a   Code   RO         1719    i.prvTimerTask      timers.o
    0x0800687a   0x0000007e   Code   RO         1551    i.prvUnlockQueue    queue.o
    0x080068f8   0x00000114   Code   RO         1808    i.pvPortMalloc      heap_4.o
    0x08006a0c   0x00000020   Code   RO         1866    i.pvTaskIncrementMutexHeldCount  tasks.o
    0x08006a2c   0x00000020   Code   RO         1110    i.pxPortInitialiseStack  port.o
    0x08006a4c   0x000000b4   Code   RO         1867    i.ulTaskNotifyTake  tasks.o
    0x08006b00   0x00000028   Code   RO         1179    i.uxListRemove      list.o
    0x08006b28   0x0000001a   Code   RO         1180    i.vListInitialise   list.o
    0x08006b42   0x00000006   Code   RO         1181    i.vListInitialiseItem  list.o
    0x08006b48   0x00000034   Code   RO         1182    i.vListInsert       list.o
    0x08006b7c   0x00000018   Code   RO         1183    i.vListInsertEnd    list.o
    0x08006b94   0x00000044   Code   RO         1112    i.vPortEnterCritical  port.o
    0x08006bd8   0x0000002c   Code   RO         1113    i.vPortExitCritical  port.o
    0x08006c04   0x00000078   Code   RO         1809    i.vPortFree         heap_4.o
    0x08006c7c   0x00000020   Code   RO         1114    i.vPortSetupTimerInterrupt  port.o
    0x08006c9c   0x0000005c   Code   RO         1115    i.vPortValidateInterruptPriority  port.o
    0x08006cf8   0x00000018   Code   RO         1116    i.vPortYield        port.o
    0x08006d10   0x0000002c   Code   RO         1557    i.vQueueAddToRegistry  queue.o
    0x08006d3c   0x00000042   Code   RO         1561    i.vQueueWaitForMessageRestricted  queue.o
    0x08006d7e   0x00000002   PAD
    0x08006d80   0x00000070   Code   RO         1874    i.vTaskDelay        tasks.o
    0x08006df0   0x0000000c   Code   RO         1877    i.vTaskMissedYield  tasks.o
    0x08006dfc   0x000000b4   Code   RO         1878    i.vTaskNotifyGiveFromISR  tasks.o
    0x08006eb0   0x00000070   Code   RO         1879    i.vTaskPlaceOnEventList  tasks.o
    0x08006f20   0x00000074   Code   RO         1880    i.vTaskPlaceOnEventListRestricted  tasks.o
    0x08006f94   0x000000b0   Code   RO         1882    i.vTaskPriorityInherit  tasks.o
    0x08007044   0x00000024   Code   RO         1886    i.vTaskSetTimeOutState  tasks.o
    0x08007068   0x00000068   Code   RO         1887    i.vTaskStartScheduler  tasks.o
    0x080070d0   0x00000010   Code   RO         1889    i.vTaskSuspendAll   tasks.o
    0x080070e0   0x00000080   Code   RO         1890    i.vTaskSwitchContext  tasks.o
    0x08007160   0x000000a0   Code   RO         1117    i.xPortStartScheduler  port.o
    0x08007200   0x00000020   Code   RO         1118    i.xPortSysTickHandler  port.o
    0x08007220   0x0000006a   Code   RO         1563    i.xQueueGenericCreate  queue.o
    0x0800728a   0x0000015a   Code   RO         1564    i.xQueueGenericReceive  queue.o
    0x080073e4   0x00000078   Code   RO         1565    i.xQueueGenericReset  queue.o
    0x0800745c   0x00000142   Code   RO         1566    i.xQueueGenericSend  queue.o
    0x0800759e   0x000000ac   Code   RO         1567    i.xQueueGenericSendFromISR  queue.o
    0x0800764a   0x00000002   PAD
    0x0800764c   0x00000074   Code   RO         1891    i.xTaskCheckForTimeOut  tasks.o
    0x080076c0   0x00000138   Code   RO         1892    i.xTaskGenericCreate  tasks.o
    0x080077f8   0x00000020   Code   RO         1896    i.xTaskGetSchedulerState  tasks.o
    0x08007818   0x0000000c   Code   RO         1897    i.xTaskGetTickCount  tasks.o
    0x08007824   0x0000013c   Code   RO         1899    i.xTaskIncrementTick  tasks.o
    0x08007960   0x000000ac   Code   RO         1902    i.xTaskPriorityDisinherit  tasks.o
    0x08007a0c   0x0000008c   Code   RO         1903    i.xTaskRemoveFromEventList  tasks.o
    0x08007a98   0x000000e8   Code   RO         1905    i.xTaskResumeAll    tasks.o
    0x08007b80   0x00000050   Code   RO         1722    i.xTimerCreate      timers.o
    0x08007bd0   0x0000004c   Code   RO         1723    i.xTimerCreateTimerTask  timers.o
    0x08007c1c   0x00000074   Code   RO         1724    i.xTimerGenericCommand  timers.o
    0x08007c90   0x00000014   Data   RO          307    .constdata          tim.o
    0x08007ca4   0x00000028   Data   RO          435    .constdata          gpio.o
    0x08007ccc   0x00000030   Data   RO          566    .constdata          can.o
    0x08007cfc   0x00000050   Data   RO          695    .constdata          freertos.o
    0x08007d4c   0x00000018   Data   RO          996    .constdata          system_stm32f1xx.o
    0x08007d64   0x00000015   Data   RO          308    .conststring        tim.o
    0x08007d79   0x00000003   PAD
    0x08007d7c   0x00000037   Data   RO          436    .conststring        gpio.o
    0x08007db3   0x00000001   PAD
    0x08007db4   0x00000029   Data   RO          567    .conststring        can.o
    0x08007ddd   0x00000003   PAD
    0x08007de0   0x0000005c   Data   RO          696    .conststring        freertos.o
    0x08007e3c   0x00000020   Data   RO         5235    Region$$Table       anon$$obj.o


    Execution Region RW_IRAM1 (Base: 0x20000000, Size: 0x000046e0, Max: 0x0000c000, ABSOLUTE)

    Base Addr    Size         Type   Attr      Idx    E Section Name        Object

    0x20000000   0x0000003c   Data   RW          309    .data               tim.o
    0x2000003c   0x00000010   Data   RW          437    .data               gpio.o
    0x2000004c   0x00000018   Data   RW          568    .data               can.o
    0x20000064   0x00000010   Data   RW          697    .data               freertos.o
    0x20000074   0x00000004   Data   RW          997    .data               system_stm32f1xx.o
    0x20000078   0x0000000c   Data   RW         1119    .data               port.o
    0x20000084   0x00000010   Data   RW         1727    .data               timers.o
    0x20000094   0x00000018   Data   RW         1814    .data               heap_4.o
    0x200000ac   0x00000038   Data   RW         1908    .data               tasks.o
    0x200000e4   0x00000004   Data   RW         2902    .data               stm32f1xx_hal.o
    0x200000e8   0x00000130   Zero   RW           10    .bss                usart.o
    0x20000218   0x00000068   Zero   RW          253    .bss                adc.o
    0x20000280   0x000001c8   Zero   RW          306    .bss                tim.o
    0x20000448   0x000000ac   Zero   RW          505    .bss                i2c.o
    0x200004f4   0x00000090   Zero   RW          565    .bss                can.o
    0x20000584   0x00000040   Zero   RW         1573    .bss                queue.o
    0x200005c4   0x00000028   Zero   RW         1726    .bss                timers.o
    0x200005ec   0x00003c00   Zero   RW         1813    .bss                heap_4.o
    0x200041ec   0x000000f0   Zero   RW         1907    .bss                tasks.o
    0x200042dc   0x00000004   PAD
    0x200042e0   0x00000400   Zero   RW          984    STACK               startup_stm32f103xe.o


==============================================================================

Image component sizes


      Code (inc. data)   RO Data    RW Data    ZI Data      Debug   Object Name

       304         34          0          0        104       1907   adc.o
      1886        240         89         24        144      14154   can.o
       140          0          0          0          0       8608   cmsis_os.o
       208          6          0          0          0        906   dma.o
         0          0          0          0          0       1472   event_groups.o
       396         44        172         16          0       8449   freertos.o
       688         70         95         16          0       5941   gpio.o
       624         64          0         24      15360       4463   heap_4.o
       260         38          0          0        172       1887   i2c.o
       148          0          0          0          0       3678   list.o
       218          0          0          0          0       1668   main.o
       682         86          0         12          0       8986   port.o
      1528          6          0          0         64      12285   queue.o
        36          8        304          0       1024        808   startup_stm32f103xe.o
       130         16          0          4          0       3906   stm32f1xx_hal.o
      1216         28          0          0          0       5315   stm32f1xx_hal_adc.o
         2          0          0          0          0       1201   stm32f1xx_hal_adc_ex.o
      2562         26          0          0          0       7957   stm32f1xx_hal_can.o
       338         22          0          0          0      27137   stm32f1xx_hal_cortex.o
      2396         26          0          0          0       3072   stm32f1xx_hal_dma.o
       868         42          0          0          0       4284   stm32f1xx_hal_gpio.o
       280         12          0          0          0       2155   stm32f1xx_hal_i2c.o
       120          6          0          0          0        922   stm32f1xx_hal_msp.o
      3112        100          0          0          0       6052   stm32f1xx_hal_rcc.o
       380         14          0          0          0       1416   stm32f1xx_hal_rcc_ex.o
      2660         86          0          0          0      21795   stm32f1xx_hal_tim.o
       102          0          0          0          0       2422   stm32f1xx_hal_tim_ex.o
      1136          6          0          0          0       6081   stm32f1xx_hal_uart.o
       304        102          0          0          0      11880   stm32f1xx_it.o
        88         18         24          4          0       1275   system_stm32f1xx.o
      3082        416          0         56        240      23884   tasks.o
      2154        214         41         60        456      10790   tim.o
      1138        106          0         16         40      10558   timers.o
       582         70          0          0        304     567146   usart.o

    ----------------------------------------------------------------------
     29810       1906        764        232      17912     794460   Object Totals
         0          0         32          0          0          0   (incl. Generated)
        42          0          7          0          4          0   (incl. Padding)

    ----------------------------------------------------------------------

      Code (inc. data)   RO Data    RW Data    ZI Data      Debug   Library Member Name

         0          0          0          0          0          0   entry.o
         0          0          0          0          0          0   entry10a.o
         0          0          0          0          0          0   entry11a.o
         8          4          0          0          0          0   entry2.o
         4          0          0          0          0          0   entry5.o
         0          0          0          0          0          0   entry7b.o
         0          0          0          0          0          0   entry8b.o
         8          4          0          0          0          0   entry9a.o
        30          0          0          0          0          0   handlers.o
        36          8          0          0          0         68   init.o
         0          0          0          0          0          0   iusefp.o
        30          0          0          0          0         68   llshl.o
        36          0          0          0          0         68   llsshr.o
        32          0          0          0          0         68   llushr.o
        36          0          0          0          0         68   memcpya.o
        36          0          0          0          0        108   memseta.o
        20          0          0          0          0         68   cfcmple.o
        20          0          0          0          0         68   cfrcmple.o
        56          0          0          0          0         88   d2f.o
       334          0          0          0          0        148   dadd.o
       222          0          0          0          0        100   ddiv.o
       186          0          0          0          0        176   depilogue.o
        50          0          0          0          0         76   dfixui.o
        34          0          0          0          0         76   dflti.o
        26          0          0          0          0         76   dfltui.o
       228          0          0          0          0         96   dmul.o
        38          0          0          0          0         68   f2d.o
       110          0          0          0          0        168   fepilogue.o
        50          0          0          0          0         68   ffixi.o
        40          0          0          0          0         68   ffixui.o
       100          0          0          0          0         76   fmul.o

    ----------------------------------------------------------------------
      1774         16          0          0          0       1868   Library Totals
         4          0          0          0          0          0   (incl. Padding)

    ----------------------------------------------------------------------

      Code (inc. data)   RO Data    RW Data    ZI Data      Debug   Library Name

       256         16          0          0          0        448   mc_w.l
      1514          0          0          0          0       1420   mf_w.l

    ----------------------------------------------------------------------
      1774         16          0          0          0       1868   Library Totals

    ----------------------------------------------------------------------

==============================================================================


      Code (inc. data)   RO Data    RW Data    ZI Data      Debug   

     31584       1922        764        232      17912     783116   Grand Totals
     31584       1922        764        232      17912     783116   ELF Image Totals
     31584       1922        764        232          0          0   ROM Totals

==============================================================================

    Total RO  Size (Code + RO Data)                32348 (  31.59kB)
    Total RW  Size (RW Data + ZI Data)             18144 (  17.72kB)
    Total ROM Size (Code + RO Data + RW Data)      32580 (  31.82kB)

==============================================================================

